Archive member included to satisfy reference by file (symbol)

D:/Programmes/STM32CubeIDE_2.0.0/STM32CubeIDE/plugins/com.st.stm32cube.ide.mcu.externaltools.gnu-tools-for-stm32.13.3.rel1.win32_1.0.100.202509120712/tools/bin/../lib/gcc/arm-none-eabi/13.3.1/../../../../arm-none-eabi/lib/thumb/v7e-m+fp/hard\libc_nano.a(libc_a-exit.o)
                              D:/Programmes/STM32CubeIDE_2.0.0/STM32CubeIDE/plugins/com.st.stm32cube.ide.mcu.externaltools.gnu-tools-for-stm32.13.3.rel1.win32_1.0.100.202509120712/tools/bin/../lib/gcc/arm-none-eabi/13.3.1/../../../../arm-none-eabi/lib/thumb/v7e-m+fp/hard/crt0.o (exit)
D:/Programmes/STM32CubeIDE_2.0.0/STM32CubeIDE/plugins/com.st.stm32cube.ide.mcu.externaltools.gnu-tools-for-stm32.13.3.rel1.win32_1.0.100.202509120712/tools/bin/../lib/gcc/arm-none-eabi/13.3.1/../../../../arm-none-eabi/lib/thumb/v7e-m+fp/hard\libc_nano.a(libc_a-findfp.o)
                              D:/Programmes/STM32CubeIDE_2.0.0/STM32CubeIDE/plugins/com.st.stm32cube.ide.mcu.externaltools.gnu-tools-for-stm32.13.3.rel1.win32_1.0.100.202509120712/tools/bin/../lib/gcc/arm-none-eabi/13.3.1/../../../../arm-none-eabi/lib/thumb/v7e-m+fp/hard\libc_nano.a(libc_a-exit.o) (__stdio_exit_handler)
D:/Programmes/STM32CubeIDE_2.0.0/STM32CubeIDE/plugins/com.st.stm32cube.ide.mcu.externaltools.gnu-tools-for-stm32.13.3.rel1.win32_1.0.100.202509120712/tools/bin/../lib/gcc/arm-none-eabi/13.3.1/../../../../arm-none-eabi/lib/thumb/v7e-m+fp/hard\libc_nano.a(libc_a-fwalk.o)
                              D:/Programmes/STM32CubeIDE_2.0.0/STM32CubeIDE/plugins/com.st.stm32cube.ide.mcu.externaltools.gnu-tools-for-stm32.13.3.rel1.win32_1.0.100.202509120712/tools/bin/../lib/gcc/arm-none-eabi/13.3.1/../../../../arm-none-eabi/lib/thumb/v7e-m+fp/hard\libc_nano.a(libc_a-findfp.o) (_fwalk_sglue)
D:/Programmes/STM32CubeIDE_2.0.0/STM32CubeIDE/plugins/com.st.stm32cube.ide.mcu.externaltools.gnu-tools-for-stm32.13.3.rel1.win32_1.0.100.202509120712/tools/bin/../lib/gcc/arm-none-eabi/13.3.1/../../../../arm-none-eabi/lib/thumb/v7e-m+fp/hard\libc_nano.a(libc_a-sprintf.o)
                              ./Core/Src/screen.o (sprintf)
D:/Programmes/STM32CubeIDE_2.0.0/STM32CubeIDE/plugins/com.st.stm32cube.ide.mcu.externaltools.gnu-tools-for-stm32.13.3.rel1.win32_1.0.100.202509120712/tools/bin/../lib/gcc/arm-none-eabi/13.3.1/../../../../arm-none-eabi/lib/thumb/v7e-m+fp/hard\libc_nano.a(libc_a-stdio.o)
                              D:/Programmes/STM32CubeIDE_2.0.0/STM32CubeIDE/plugins/com.st.stm32cube.ide.mcu.externaltools.gnu-tools-for-stm32.13.3.rel1.win32_1.0.100.202509120712/tools/bin/../lib/gcc/arm-none-eabi/13.3.1/../../../../arm-none-eabi/lib/thumb/v7e-m+fp/hard\libc_nano.a(libc_a-findfp.o) (__sread)
D:/Programmes/STM32CubeIDE_2.0.0/STM32CubeIDE/plugins/com.st.stm32cube.ide.mcu.externaltools.gnu-tools-for-stm32.13.3.rel1.win32_1.0.100.202509120712/tools/bin/../lib/gcc/arm-none-eabi/13.3.1/../../../../arm-none-eabi/lib/thumb/v7e-m+fp/hard\libc_nano.a(libc_a-memset.o)
                              D:/Programmes/STM32CubeIDE_2.0.0/STM32CubeIDE/plugins/com.st.stm32cube.ide.mcu.externaltools.gnu-tools-for-stm32.13.3.rel1.win32_1.0.100.202509120712/tools/bin/../lib/gcc/arm-none-eabi/13.3.1/../../../../arm-none-eabi/lib/thumb/v7e-m+fp/hard/crt0.o (memset)
D:/Programmes/STM32CubeIDE_2.0.0/STM32CubeIDE/plugins/com.st.stm32cube.ide.mcu.externaltools.gnu-tools-for-stm32.13.3.rel1.win32_1.0.100.202509120712/tools/bin/../lib/gcc/arm-none-eabi/13.3.1/../../../../arm-none-eabi/lib/thumb/v7e-m+fp/hard\libc_nano.a(libc_a-closer.o)
                              D:/Programmes/STM32CubeIDE_2.0.0/STM32CubeIDE/plugins/com.st.stm32cube.ide.mcu.externaltools.gnu-tools-for-stm32.13.3.rel1.win32_1.0.100.202509120712/tools/bin/../lib/gcc/arm-none-eabi/13.3.1/../../../../arm-none-eabi/lib/thumb/v7e-m+fp/hard\libc_nano.a(libc_a-stdio.o) (_close_r)
D:/Programmes/STM32CubeIDE_2.0.0/STM32CubeIDE/plugins/com.st.stm32cube.ide.mcu.externaltools.gnu-tools-for-stm32.13.3.rel1.win32_1.0.100.202509120712/tools/bin/../lib/gcc/arm-none-eabi/13.3.1/../../../../arm-none-eabi/lib/thumb/v7e-m+fp/hard\libc_nano.a(libc_a-reent.o)
                              D:/Programmes/STM32CubeIDE_2.0.0/STM32CubeIDE/plugins/com.st.stm32cube.ide.mcu.externaltools.gnu-tools-for-stm32.13.3.rel1.win32_1.0.100.202509120712/tools/bin/../lib/gcc/arm-none-eabi/13.3.1/../../../../arm-none-eabi/lib/thumb/v7e-m+fp/hard\libc_nano.a(libc_a-closer.o) (errno)
D:/Programmes/STM32CubeIDE_2.0.0/STM32CubeIDE/plugins/com.st.stm32cube.ide.mcu.externaltools.gnu-tools-for-stm32.13.3.rel1.win32_1.0.100.202509120712/tools/bin/../lib/gcc/arm-none-eabi/13.3.1/../../../../arm-none-eabi/lib/thumb/v7e-m+fp/hard\libc_nano.a(libc_a-impure.o)
[...]
Memory Configuration

Name             Origin             Length             Attributes
RAM              0x20000000         0x00020000         xrw
FLASH            0x08000000         0x00080000         xr
*default*        0x00000000         0xffffffff

Linker script and memory map

LOAD D:/Programmes/STM32CubeIDE_2.0.0/STM32CubeIDE/plugins/com.st.stm32cube.ide.mcu.externaltools.gnu-tools-for-stm32.13.3.rel1.win32_1.0.100.202509120712/tools/bin/../lib/gcc/arm-none-eabi/13.3.1/thumb/v7e-m+fp/hard/crti.o
LOAD D:/Programmes/STM32CubeIDE_2.0.0/STM32CubeIDE/plugins/com.st.stm32cube.ide.mcu.externaltools.gnu-tools-for-stm32.13.3.rel1.win32_1.0.100.202509120712/tools/bin/../lib/gcc/arm-none-eabi/13.3.1/thumb/v7e-m+fp/hard/crtbegin.o
LOAD D:/Programmes/STM32CubeIDE_2.0.0/STM32CubeIDE/plugins/com.st.stm32cube.ide.mcu.externaltools.gnu-tools-for-stm32.13.3.rel1.win32_1.0.100.202509120712/tools/bin/../lib/gcc/arm-none-eabi/13.3.1/../../../../arm-none-eabi/lib/thumb/v7e-m+fp/hard/crt0.o
LOAD ./Core/Src/debounce_button.o
LOAD ./Core/Src/main.o
LOAD ./Core/Src/screen.o
LOAD ./Core/Src/ssd1306.o
LOAD ./Core/Src/ssd1306_fonts.o
LOAD ./Core/Src/stm32f4xx_hal_msp.o
LOAD ./Core/Src/stm32f4xx_it.o
LOAD ./Core/Src/syscalls.o
LOAD ./Core/Src/sysmem.o
LOAD ./Core/Src/system_stm32f4xx.o
LOAD ./Core/Startup/startup_stm32f446retx.o
LOAD ./Drivers/BSP/STM32F4xx-Nucleo/stm32f4xx_nucleo.o
LOAD ./Drivers/STM32F4xx_HAL_Driver/Src/stm32f4xx_hal.o
LOAD ./Drivers/STM32F4xx_HAL_Driver/Src/stm32f4xx_hal_cortex.o
LOAD ./Drivers/STM32F4xx_HAL_Driver/Src/stm32f4xx_hal_dma.o
LOAD ./Drivers/STM32F4xx_HAL_Driver/Src/stm32f4xx_hal_dma_ex.o
LOAD ./Drivers/STM32F4xx_HAL_Driver/Src/stm32f4xx_hal_exti.o
LOAD ./Drivers/STM32F4xx_HAL_Driver/Src/stm32f4xx_hal_flash.o
LOAD ./Drivers/STM32F4xx_HAL_Driver/Src/stm32f4xx_hal_flash_ex.o
LOAD ./Drivers/STM32F4xx_HAL_Driver/Src/stm32f4xx_hal_flash_ramfunc.o
LOAD ./Drivers/STM32F4xx_HAL_Driver/Src/stm32f4xx_hal_gpio.o
LOAD ./Drivers/STM32F4xx_HAL_Driver/Src/stm32f4xx_hal_i2c.o
LOAD ./Drivers/STM32F4xx_HAL_Driver/Src/stm32f4xx_hal_i2c_ex.o
LOAD ./Drivers/STM32F4xx_HAL_Driver/Src/stm32f4xx_hal_pwr.o
LOAD ./Drivers/STM32F4xx_HAL_Driver/Src/stm32f4xx_hal_pwr_ex.o
LOAD ./Drivers/STM32F4xx_HAL_Driver/Src/stm32f4xx_hal_rcc.o
LOAD ./Drivers/STM32F4xx_HAL_Driver/Src/stm32f4xx_hal_rcc_ex.o
START GROUP
LOAD D:/Programmes/STM32CubeIDE_2.0.0/STM32CubeIDE/plugins/com.st.stm32cube.ide.mcu.externaltools.gnu-tools-for-stm32.13.3.rel1.win32_1.0.100.202509120712/tools/bin/../lib/gcc/arm-none-eabi/13.3.1/../../../../arm-none-eabi/lib/thumb/v7e-m+fp/hard\libc_nano.a
LOAD D:/Programmes/STM32CubeIDE_2.0.0/STM32CubeIDE/plugins/com.st.stm32cube.ide.mcu.externaltools.gnu-tools-for-stm32.13.3.rel1.win32_1.0.100.202509120712/tools/bin/../lib/gcc/arm-none-eabi/13.3.1/../../../../arm-none-eabi/lib/thumb/v7e-m+fp/hard\libm.a
END GROUP
START GROUP
LOAD D:/Programmes/STM32CubeIDE_2.0.0/STM32CubeIDE/plugins/com.st.stm32cube.ide.mcu.externaltools.gnu-tools-for-stm32.13.3.rel1.win32_1.0.100.202509120712/tools/bin/../lib/gcc/arm-none-eabi/13.3.1/thumb/v7e-m+fp/hard\libgcc.a
LOAD D:/Programmes/STM32CubeIDE_2.0.0/STM32CubeIDE/plugins/com.st.stm32cube.ide.mcu.externaltools.gnu-tools-for-stm32.13.3.rel1.win32_1.0.100.202509120712/tools/bin/../lib/gcc/arm-none-eabi/13.3.1/../../../../arm-none-eabi/lib/thumb/v7e-m+fp/hard\libc_nano.a
END GROUP
START GROUP
LOAD D:/Programmes/STM32CubeIDE_2.0.0/STM32CubeIDE/plugins/com.st.stm32cube.ide.mcu.externaltools.gnu-tools-for-stm32.13.3.rel1.win32_1.0.100.202509120712/tools/bin/../lib/gcc/arm-none-eabi/13.3.1/thumb/v7e-m+fp/hard\libgcc.a
LOAD D:/Programmes/STM32CubeIDE_2.0.0/STM32CubeIDE/plugins/com.st.stm32cube.ide.mcu.externaltools.gnu-tools-for-stm32.13.3.rel1.win32_1.0.100.202509120712/tools/bin/../lib/gcc/arm-none-eabi/13.3.1/../../../../arm-none-eabi/lib/thumb/v7e-m+fp/hard\libc_nano.a
LOAD D:/Programmes/STM32CubeIDE_2.0.0/STM32CubeIDE/plugins/com.st.stm32cube.ide.mcu.externaltools.gnu-tools-for-stm32.13.3.rel1.win32_1.0.100.202509120712/tools/bin/../lib/gcc/arm-none-eabi/13.3.1/../../../../arm-none-eabi/lib/thumb/v7e-m+fp/hard\libnosys.a
END GROUP
START GROUP
LOAD D:/Programmes/STM32CubeIDE_2.0.0/STM32CubeIDE/plugins/com.st.stm32cube.ide.mcu.externaltools.gnu-tools-for-stm32.13.3.rel1.win32_1.0.100.202509120712/tools/bin/../lib/gcc/arm-none-eabi/13.3.1/thumb/v7e-m+fp/hard\libgcc.a
LOAD D:/Programmes/STM32CubeIDE_2.0.0/STM32CubeIDE/plugins/com.st.stm32cube.ide.mcu.externaltools.gnu-tools-for-stm32.13.3.rel1.win32_1.0.100.202509120712/tools/bin/../lib/gcc/arm-none-eabi/13.3.1/../../../../arm-none-eabi/lib/thumb/v7e-m+fp/hard\libc_nano.a
LOAD D:/Programmes/STM32CubeIDE_2.0.0/STM32CubeIDE/plugins/com.st.stm32cube.ide.mcu.externaltools.gnu-tools-for-stm32.13.3.rel1.win32_1.0.100.202509120712/tools/bin/../lib/gcc/arm-none-eabi/13.3.1/../../../../arm-none-eabi/lib/thumb/v7e-m+fp/hard\libnosys.a
END GROUP
LOAD D:/Programmes/STM32CubeIDE_2.0.0/STM32CubeIDE/plugins/com.st.stm32cube.ide.mcu.externaltools.gnu-tools-for-stm32.13.3.rel1.win32_1.0.100.202509120712/tools/bin/../lib/gcc/arm-none-eabi/13.3.1/thumb/v7e-m+fp/hard/crtend.o
LOAD D:/Programmes/STM32CubeIDE_2.0.0/STM32CubeIDE/plugins/com.st.stm32cube.ide.mcu.externaltools.gnu-tools-for-stm32.13.3.rel1.win32_1.0.100.202509120712/tools/bin/../lib/gcc/arm-none-eabi/13.3.1/thumb/v7e-m+fp/hard/crtn.o
                0x20020000                        _estack = (ORIGIN (RAM) + LENGTH (RAM))
                0x00000200                        _Min_Heap_Size = 0x200
                0x00000400                        _Min_Stack_Size = 0x400

.isr_vector     0x08000000      0x1c4
                0x08000000                        . = ALIGN (0x4)
 *(.isr_vector)
 .isr_vector    0x08000000      0x1c4 ./Core/Startup/startup_stm32f446retx.o
                0x08000000                g_pfnVectors
                0x080001c4                        . = ALIGN (0x4)

.text           0x080001d0     0x349c
                0x080001d0                        . = ALIGN (0x4)
 *(.text)
 .text          0x080001d0       0x40 D:/Programmes/STM32CubeIDE_2.0.0/STM32CubeIDE/plugins/com.st.stm32cube.ide.mcu.externaltools.gnu-tools-for-stm32.13.3.rel1.win32_1.0.100.202509120712/tools/bin/../lib/gcc/arm-none-eabi/13.3.1/thumb/v7e-m+fp/hard/crtbegin.o
 .text          0x08000210       0xa0 D:/Programmes/STM32CubeIDE_2.0.0/STM32CubeIDE/plugins/com.st.stm32cube.ide.mcu.externaltools.gnu-tools-for-stm32.13.3.rel1.win32_1.0.100.202509120712/tools/bin/../lib/gcc/arm-none-eabi/13.3.1/../../../../arm-none-eabi/lib/thumb/v7e-m+fp/hard\libc_nano.a(libc_a-memchr.o)
                0x08000210                memchr
 .text          0x080002b0       0x30 D:/Programmes/STM32CubeIDE_2.0.0/STM32CubeIDE/plugins/com.st.stm32cube.ide.mcu.externaltools.gnu-tools-for-stm32.13.3.rel1.win32_1.0.100.202509120712/tools/bin/../lib/gcc/arm-none-eabi/13.3.1/thumb/v7e-m+fp/hard\libgcc.a(_aeabi_uldivmod.o)
                0x080002b0                __aeabi_uldivmod
 .text          0x080002e0      0x2f8 D:/Programmes/STM32CubeIDE_2.0.0/STM32CubeIDE/plugins/com.st.stm32cube.ide.mcu.externaltools.gnu-tools-for-stm32.13.3.rel1.win32_1.0.100.202509120712/tools/bin/../lib/gcc/arm-none-eabi/13.3.1/thumb/v7e-m+fp/hard\libgcc.a(_udivmoddi4.o)
                0x080002e0                __udivmoddi4
 .text          0x080005d8        0x4 D:/Programmes/STM32CubeIDE_2.0.0/STM32CubeIDE/plugins/com.st.stm32cube.ide.mcu.externaltools.gnu-tools-for-stm32.13.3.rel1.win32_1.0.100.202509120712/tools/bin/../lib/gcc/arm-none-eabi/13.3.1/thumb/v7e-m+fp/hard\libgcc.a(_dvmd_tls.o)
                0x080005d8                __aeabi_idiv0
                0x080005d8                __aeabi_ldiv0
 *(.text*)
 .text.debounce_button
                0x080005dc       0x78 ./Core/Src/debounce_button.o
                0x080005dc                debounce_button
 .text.main     0x08000654       0x5c ./Core/Src/main.o
                0x08000654                main
 .text.SystemClock_Config
                0x080006b0       0xdc ./Core/Src/main.o
                0x080006b0                SystemClock_Config
 .text.MX_I2C1_Init
                0x0800078c       0x5c ./Core/Src/main.o
 .text.MX_GPIO_Init
                0x080007e8       0xd0 ./Core/Src/main.o
 .text.Error_Handler
                0x080008b8        0xc ./Core/Src/main.o
                0x080008b8                Error_Handler
 .text.DisplayCounter
                0x080008c4       0x68 ./Core/Src/screen.o
                0x080008c4                DisplayCounter
 .text.ssd1306_Reset
                0x0800092c        0xe ./Core/Src/ssd1306.o
                0x0800092c                ssd1306_Reset
 *fill*         0x0800093a        0x2 
 .text.ssd1306_WriteCommand
                0x0800093c       0x30 ./Core/Src/ssd1306.o
                0x0800093c                ssd1306_WriteCommand
 .text.ssd1306_WriteData
                0x0800096c       0x34 ./Core/Src/ssd1306.o
                0x0800096c                ssd1306_WriteData
 .text.ssd1306_Init
                0x080009a0       0xd4 ./Core/Src/ssd1306.o
                0x080009a0                ssd1306_Init
 .text.ssd1306_Fill
                0x08000a74       0x30 ./Core/Src/ssd1306.o
                0x08000a74                ssd1306_Fill
 .text.ssd1306_UpdateScreen
                0x08000aa4       0x50 ./Core/Src/ssd1306.o
                0x08000aa4                ssd1306_UpdateScreen
 .text.ssd1306_DrawPixel
                0x08000af4       0xa8 ./Core/Src/ssd1306.o
                0x08000af4                ssd1306_DrawPixel
 .text.ssd1306_WriteChar
                0x08000b9c      0x124 ./Core/Src/ssd1306.o
                0x08000b9c                ssd1306_WriteChar
 .text.ssd1306_WriteString
                0x08000cc0       0x4c ./Core/Src/ssd1306.o
                0x08000cc0                ssd1306_WriteString
 .text.ssd1306_SetCursor
                0x08000d0c       0x30 ./Core/Src/ssd1306.o
                0x08000d0c                ssd1306_SetCursor
 .text.ssd1306_SetContrast
                0x08000d3c       0x26 ./Core/Src/ssd1306.o
                0x08000d3c                ssd1306_SetContrast
 *fill*         0x08000d62        0x2 
 .text.ssd1306_SetDisplayOn
                0x08000d64       0x3c ./Core/Src/ssd1306.o
                0x08000d64                ssd1306_SetDisplayOn
 .text.HAL_MspInit
                0x08000da0       0x50 ./Core/Src/stm32f4xx_hal_msp.o
                0x08000da0                HAL_MspInit
 .text.HAL_I2C_MspInit
                0x08000df0       0x90 ./Core/Src/stm32f4xx_hal_msp.o
                0x08000df0                HAL_I2C_MspInit
 .text.NMI_Handler
                0x08000e80        0x8 ./Core/Src/stm32f4xx_it.o
                0x08000e80                NMI_Handler
 .text.HardFault_Handler
                0x08000e88        0x8 ./Core/Src/stm32f4xx_it.o
                0x08000e88                HardFault_Handler
 .text.MemManage_Handler
                0x08000e90        0x8 ./Core/Src/stm32f4xx_it.o
                0x08000e90                MemManage_Handler
 .text.BusFault_Handler
                0x08000e98        0x8 ./Core/Src/stm32f4xx_it.o
                0x08000e98                BusFault_Handler
 .text.UsageFault_Handler
                0x08000ea0        0x8 ./Core/Src/stm32f4xx_it.o
                0x08000ea0                UsageFault_Handler
 .text.SVC_Handler
                0x08000ea8        0xe ./Core/Src/stm32f4xx_it.o
                0x08000ea8                SVC_Handler
 .text.DebugMon_Handler
                0x08000eb6        0xe ./Core/Src/stm32f4xx_it.o
                0x08000eb6                DebugMon_Handler
 .text.PendSV_Handler
                0x08000ec4        0xe ./Core/Src/stm32f4xx_it.o
                0x08000ec4                PendSV_Handler
 .text.SysTick_Handler
                0x08000ed2        0xc ./Core/Src/stm32f4xx_it.o
                0x08000ed2                SysTick_Handler
 .text.EXTI15_10_IRQHandler
                0x08000ede       0x10 ./Core/Src/stm32f4xx_it.o
                0x08000ede                EXTI15_10_IRQHandler
 *fill*         0x08000eee        0x2 
 .text._sbrk    0x08000ef0       0x6c ./Core/Src/sysmem.o
                0x08000ef0                _sbrk
 .text.SystemInit
                0x08000f5c       0x24 ./Core/Src/system_stm32f4xx.o
                0x08000f5c                SystemInit
 .text.Reset_Handler
                0x08000f80       0x50 ./Core/Startup/startup_stm32f446retx.o
                0x08000f80                Reset_Handler
 .text.Default_Handler
                0x08000fd0        0x2 ./Core/Startup/startup_stm32f446retx.o
                0x08000fd0                RTC_Alarm_IRQHandler
                0x08000fd0                EXTI2_IRQHandler
                0x08000fd0                TIM8_CC_IRQHandler
                0x08000fd0                FMPI2C1_EV_IRQHandler
                0x08000fd0                SPI4_IRQHandler
                0x08000fd0                TIM1_CC_IRQHandler
                0x08000fd0                DMA2_Stream5_IRQHandler
                0x08000fd0                DMA1_Stream5_IRQHandler
                0x08000fd0                PVD_IRQHandler
                0x08000fd0                SDIO_IRQHandler
                0x08000fd0                TAMP_STAMP_IRQHandler
                0x08000fd0                CAN2_RX1_IRQHandler
                0x08000fd0                EXTI3_IRQHandler
                0x08000fd0                TIM8_TRG_COM_TIM14_IRQHandler
                0x08000fd0                TIM1_UP_TIM10_IRQHandler
                0x08000fd0                TIM8_UP_TIM13_IRQHandler
                0x08000fd0                I2C3_ER_IRQHandler
                0x08000fd0                EXTI0_IRQHandler
                0x08000fd0                I2C2_EV_IRQHandler
                0x08000fd0                DMA1_Stream2_IRQHandler
                0x08000fd0                CAN1_RX0_IRQHandler
                0x08000fd0                FPU_IRQHandler
                0x08000fd0                OTG_HS_WKUP_IRQHandler
                0x08000fd0                CAN2_SCE_IRQHandler
                0x08000fd0                DMA2_Stream2_IRQHandler
                0x08000fd0                SPI1_IRQHandler
                0x08000fd0                TIM6_DAC_IRQHandler
                0x08000fd0                TIM1_BRK_TIM9_IRQHandler
                0x08000fd0                DCMI_IRQHandler
                0x08000fd0                CAN2_RX0_IRQHandler
                0x08000fd0                DMA2_Stream3_IRQHandler
                0x08000fd0                SAI2_IRQHandler
                0x08000fd0                USART6_IRQHandler
                0x08000fd0                USART3_IRQHandler
                0x08000fd0                CAN1_RX1_IRQHandler
                0x08000fd0                UART5_IRQHandler
                0x08000fd0                DMA2_Stream0_IRQHandler
                0x08000fd0                TIM4_IRQHandler
                0x08000fd0                QUADSPI_IRQHandler
                0x08000fd0                I2C1_EV_IRQHandler
                0x08000fd0                DMA1_Stream6_IRQHandler
                0x08000fd0                DMA1_Stream1_IRQHandler
                0x08000fd0                UART4_IRQHandler
                0x08000fd0                TIM3_IRQHandler
                0x08000fd0                RCC_IRQHandler
                0x08000fd0                TIM8_BRK_TIM12_IRQHandler
                0x08000fd0                Default_Handler
                0x08000fd0                CEC_IRQHandler
                0x08000fd0                ADC_IRQHandler
                0x08000fd0                DMA1_Stream7_IRQHandler
                0x08000fd0                TIM7_IRQHandler
                0x08000fd0                CAN2_TX_IRQHandler
                0x08000fd0                TIM5_IRQHandler
                0x08000fd0                DMA2_Stream7_IRQHandler
                0x08000fd0                I2C3_EV_IRQHandler
                0x08000fd0                EXTI9_5_IRQHandler
                0x08000fd0                RTC_WKUP_IRQHandler
                0x08000fd0                SPDIF_RX_IRQHandler
                0x08000fd0                SPI2_IRQHandler
                0x08000fd0                OTG_HS_EP1_IN_IRQHandler
                0x08000fd0                DMA1_Stream0_IRQHandler
                0x08000fd0                CAN1_TX_IRQHandler
                0x08000fd0                FMPI2C1_ER_IRQHandler
                0x08000fd0                EXTI4_IRQHandler
                0x08000fd0                OTG_HS_EP1_OUT_IRQHandler
                0x08000fd0                WWDG_IRQHandler
                0x08000fd0                TIM2_IRQHandler
                0x08000fd0                OTG_FS_WKUP_IRQHandler
                0x08000fd0                TIM1_TRG_COM_TIM11_IRQHandler
                0x08000fd0                OTG_HS_IRQHandler
                0x08000fd0                EXTI1_IRQHandler
                0x08000fd0                USART2_IRQHandler
                0x08000fd0                I2C2_ER_IRQHandler
                0x08000fd0                DMA2_Stream1_IRQHandler
                0x08000fd0                CAN1_SCE_IRQHandler
                0x08000fd0                FLASH_IRQHandler
                0x08000fd0                DMA2_Stream4_IRQHandler
                0x08000fd0                USART1_IRQHandler
                0x08000fd0                OTG_FS_IRQHandler
                0x08000fd0                SPI3_IRQHandler
                0x08000fd0                DMA1_Stream4_IRQHandler
                0x08000fd0                I2C1_ER_IRQHandler
                0x08000fd0                FMC_IRQHandler
                0x08000fd0                DMA2_Stream6_IRQHandler
                0x08000fd0                SAI1_IRQHandler
                0x08000fd0                DMA1_Stream3_IRQHandler
 *fill*         0x08000fd2        0x2 
 .text.BSP_LED_Init
                0x08000fd4       0x6c ./Drivers/BSP/STM32F4xx-Nucleo/stm32f4xx_nucleo.o
                0x08000fd4                BSP_LED_Init
 .text.BSP_PB_Init
                0x08001040       0xac ./Drivers/BSP/STM32F4xx-Nucleo/stm32f4xx_nucleo.o
                0x08001040                BSP_PB_Init
 .text.HAL_Init
                0x080010ec       0x44 ./Drivers/STM32F4xx_HAL_Driver/Src/stm32f4xx_hal.o
                0x080010ec                HAL_Init
 .text.HAL_InitTick
                0x08001130       0x60 ./Drivers/STM32F4xx_HAL_Driver/Src/stm32f4xx_hal.o
                0x08001130                HAL_InitTick
 .text.HAL_IncTick
                0x08001190       0x28 ./Drivers/STM32F4xx_HAL_Driver/Src/stm32f4xx_hal.o
                0x08001190                HAL_IncTick
 .text.HAL_GetTick
                0x080011b8       0x18 ./Drivers/STM32F4xx_HAL_Driver/Src/stm32f4xx_hal.o
                0x080011b8                HAL_GetTick
 .text.HAL_Delay
                0x080011d0       0x48 ./Drivers/STM32F4xx_HAL_Driver/Src/stm32f4xx_hal.o
                0x080011d0                HAL_Delay
 .text.__NVIC_SetPriorityGrouping
                0x08001218       0x48 ./Drivers/STM32F4xx_HAL_Driver/Src/stm32f4xx_hal_cortex.o
 .text.__NVIC_GetPriorityGrouping
                0x08001260       0x1c ./Drivers/STM32F4xx_HAL_Driver/Src/stm32f4xx_hal_cortex.o
 .text.__NVIC_EnableIRQ
                0x0800127c       0x3c ./Drivers/STM32F4xx_HAL_Driver/Src/stm32f4xx_hal_cortex.o
 .text.__NVIC_SetPriority
                0x080012b8       0x54 ./Drivers/STM32F4xx_HAL_Driver/Src/stm32f4xx_hal_cortex.o
 .text.NVIC_EncodePriority
                0x0800130c       0x66 ./Drivers/STM32F4xx_HAL_Driver/Src/stm32f4xx_hal_cortex.o
 *fill*         0x08001372        0x2 
 .text.SysTick_Config
                0x08001374       0x44 ./Drivers/STM32F4xx_HAL_Driver/Src/stm32f4xx_hal_cortex.o
 .text.HAL_NVIC_SetPriorityGrouping
                0x080013b8       0x16 ./Drivers/STM32F4xx_HAL_Driver/Src/stm32f4xx_hal_cortex.o
                0x080013b8                HAL_NVIC_SetPriorityGrouping
 .text.HAL_NVIC_SetPriority
                0x080013ce       0x38 ./Drivers/STM32F4xx_HAL_Driver/Src/stm32f4xx_hal_cortex.o
                0x080013ce                HAL_NVIC_SetPriority
 .text.HAL_NVIC_EnableIRQ
                0x08001406       0x1c ./Drivers/STM32F4xx_HAL_Driver/Src/stm32f4xx_hal_cortex.o
                0x08001406                HAL_NVIC_EnableIRQ
 .text.HAL_SYSTICK_Config
                0x08001422       0x18 ./Drivers/STM32F4xx_HAL_Driver/Src/stm32f4xx_hal_cortex.o
                0x08001422                HAL_SYSTICK_Config
 *fill*         0x0800143a        0x2 
 .text.HAL_GPIO_Init
                0x0800143c      0x328 ./Drivers/STM32F4xx_HAL_Driver/Src/stm32f4xx_hal_gpio.o
                0x0800143c                HAL_GPIO_Init
 .text.HAL_GPIO_ReadPin
                0x08001764       0x30 ./Drivers/STM32F4xx_HAL_Driver/Src/stm32f4xx_hal_gpio.o
                0x08001764                HAL_GPIO_ReadPin
 .text.HAL_GPIO_WritePin
                0x08001794       0x32 ./Drivers/STM32F4xx_HAL_Driver/Src/stm32f4xx_hal_gpio.o
                0x08001794                HAL_GPIO_WritePin
 *fill*         0x080017c6        0x2 
 .text.HAL_GPIO_EXTI_IRQHandler
                0x080017c8       0x30 ./Drivers/STM32F4xx_HAL_Driver/Src/stm32f4xx_hal_gpio.o
                0x080017c8                HAL_GPIO_EXTI_IRQHandler
 .text.HAL_GPIO_EXTI_Callback
                0x080017f8       0x16 ./Drivers/STM32F4xx_HAL_Driver/Src/stm32f4xx_hal_gpio.o
                0x080017f8                HAL_GPIO_EXTI_Callback
 *fill*         0x0800180e        0x2 
 .text.HAL_I2C_Init
                0x08001810      0x288 ./Drivers/STM32F4xx_HAL_Driver/Src/stm32f4xx_hal_i2c.o
                0x08001810                HAL_I2C_Init
 .text.HAL_I2C_Mem_Write
                0x08001a98      0x1f4 ./Drivers/STM32F4xx_HAL_Driver/Src/stm32f4xx_hal_i2c.o
                0x08001a98                HAL_I2C_Mem_Write
 .text.I2C_RequestMemoryWrite
                0x08001c8c      0x12c ./Drivers/STM32F4xx_HAL_Driver/Src/stm32f4xx_hal_i2c.o
 .text.I2C_WaitOnFlagUntilTimeout
                0x08001db8       0xf4 ./Drivers/STM32F4xx_HAL_Driver/Src/stm32f4xx_hal_i2c.o
 .text.I2C_WaitOnMasterAddressFlagUntilTimeout
                0x08001eac      0x140 ./Drivers/STM32F4xx_HAL_Driver/Src/stm32f4xx_hal_i2c.o
 .text.I2C_WaitOnTXEFlagUntilTimeout
                0x08001fec       0x90 ./Drivers/STM32F4xx_HAL_Driver/Src/stm32f4xx_hal_i2c.o
 .text.I2C_WaitOnBTFFlagUntilTimeout
                0x0800207c       0x90 ./Drivers/STM32F4xx_HAL_Driver/Src/stm32f4xx_hal_i2c.o
 .text.I2C_IsAcknowledgeFailed
                0x0800210c       0x5e ./Drivers/STM32F4xx_HAL_Driver/Src/stm32f4xx_hal_i2c.o
 *fill*         0x0800216a        0x2 
 .text.HAL_RCC_ClockConfig
                0x0800216c      0x1cc ./Drivers/STM32F4xx_HAL_Driver/Src/stm32f4xx_hal_rcc.o
                0x0800216c                HAL_RCC_ClockConfig
 .text.HAL_RCC_GetHCLKFreq
                0x08002338       0x18 ./Drivers/STM32F4xx_HAL_Driver/Src/stm32f4xx_hal_rcc.o
                0x08002338                HAL_RCC_GetHCLKFreq
 .text.HAL_RCC_GetPCLK1Freq
                0x08002350       0x28 ./Drivers/STM32F4xx_HAL_Driver/Src/stm32f4xx_hal_rcc.o
                0x08002350                HAL_RCC_GetPCLK1Freq
 .text.HAL_RCC_GetSysClockFreq
                0x08002378      0x460 ./Drivers/STM32F4xx_HAL_Driver/Src/stm32f4xx_hal_rcc_ex.o
                0x08002378                HAL_RCC_GetSysClockFreq
 .text.HAL_RCC_OscConfig
                0x080027d8      0x53c ./Drivers/STM32F4xx_HAL_Driver/Src/stm32f4xx_hal_rcc_ex.o
                0x080027d8                HAL_RCC_OscConfig
 .text.sprintf  0x08002d14       0x44 D:/Programmes/STM32CubeIDE_2.0.0/STM32CubeIDE/plugins/com.st.stm32cube.ide.mcu.externaltools.gnu-tools-for-stm32.13.3.rel1.win32_1.0.100.202509120712/tools/bin/../lib/gcc/arm-none-eabi/13.3.1/../../../../arm-none-eabi/lib/thumb/v7e-m+fp/hard\libc_nano.a(libc_a-sprintf.o)
                0x08002d14                siprintf
                0x08002d14                sprintf
 .text.memset   0x08002d58       0x10 D:/Programmes/STM32CubeIDE_2.0.0/STM32CubeIDE/plugins/com.st.stm32cube.ide.mcu.externaltools.gnu-tools-for-stm32.13.3.rel1.win32_1.0.100.202509120712/tools/bin/../lib/gcc/arm-none-eabi/13.3.1/../../../../arm-none-eabi/lib/thumb/v7e-m+fp/hard\libc_nano.a(libc_a-memset.o)
                0x08002d58                memset
 .text.__errno  0x08002d68        0xc D:/Programmes/STM32CubeIDE_2.0.0/STM32CubeIDE/plugins/com.st.stm32cube.ide.mcu.externaltools.gnu-tools-for-stm32.13.3.rel1.win32_1.0.100.202509120712/tools/bin/../lib/gcc/arm-none-eabi/13.3.1/../../../../arm-none-eabi/lib/thumb/v7e-m+fp/hard\libc_nano.a(libc_a-errno.o)
                0x08002d68                __errno
 .text.__libc_init_array
                0x08002d74       0x48 D:/Programmes/STM32CubeIDE_2.0.0/STM32CubeIDE/plugins/com.st.stm32cube.ide.mcu.externaltools.gnu-tools-for-stm32.13.3.rel1.win32_1.0.100.202509120712/tools/bin/../lib/gcc/arm-none-eabi/13.3.1/../../../../arm-none-eabi/lib/thumb/v7e-m+fp/hard\libc_nano.a(libc_a-init.o)
                0x08002d74                __libc_init_array
 .text.__retarget_lock_acquire_recursive
                0x08002dbc        0x2 D:/Programmes/STM32CubeIDE_2.0.0/STM32CubeIDE/plugins/com.st.stm32cube.ide.mcu.externaltools.gnu-tools-for-stm32.13.3.rel1.win32_1.0.100.202509120712/tools/bin/../lib/gcc/arm-none-eabi/13.3.1/../../../../arm-none-eabi/lib/thumb/v7e-m+fp/hard\libc_nano.a(libc_a-lock.o)
                0x08002dbc                __retarget_lock_acquire_recursive
 .text.__retarget_lock_release_recursive
                0x08002dbe        0x2 D:/Programmes/STM32CubeIDE_2.0.0/STM32CubeIDE/plugins/com.st.stm32cube.ide.mcu.externaltools.gnu-tools-for-stm32.13.3.rel1.win32_1.0.100.202509120712/tools/bin/../lib/gcc/arm-none-eabi/13.3.1/../../../../arm-none-eabi/lib/thumb/v7e-m+fp/hard\libc_nano.a(libc_a-lock.o)
                0x08002dbe                __retarget_lock_release_recursive
 .text.memcpy   0x08002dc0       0x1c D:/Programmes/STM32CubeIDE_2.0.0/STM32CubeIDE/plugins/com.st.stm32cube.ide.mcu.externaltools.gnu-tools-for-stm32.13.3.rel1.win32_1.0.100.202509120712/tools/bin/../lib/gcc/arm-none-eabi/13.3.1/../../../../arm-none-eabi/lib/thumb/v7e-m+fp/hard\libc_nano.a(libc_a-memcpy-stub.o)
                0x08002dc0                memcpy
 .text._free_r  0x08002ddc       0x94 D:/Programmes/STM32CubeIDE_2.0.0/STM32CubeIDE/plugins/com.st.stm32cube.ide.mcu.externaltools.gnu-tools-for-stm32.13.3.rel1.win32_1.0.100.202509120712/tools/bin/../lib/gcc/arm-none-eabi/13.3.1/../../../../arm-none-eabi/lib/thumb/v7e-m+fp/hard\libc_nano.a(libc_a-freer.o)
                0x08002ddc                _free_r
 .text.sbrk_aligned
                0x08002e70       0x44 D:/Programmes/STM32CubeIDE_2.0.0/STM32CubeIDE/plugins/com.st.stm32cube.ide.mcu.externaltools.gnu-tools-for-stm32.13.3.rel1.win32_1.0.100.202509120712/tools/bin/../lib/gcc/arm-none-eabi/13.3.1/../../../../arm-none-eabi/lib/thumb/v7e-m+fp/hard\libc_nano.a(libc_a-mallocr.o)
 .text._malloc_r
                0x08002eb4      0x100 D:/Programmes/STM32CubeIDE_2.0.0/STM32CubeIDE/plugins/com.st.stm32cube.ide.mcu.externaltools.gnu-tools-for-stm32.13.3.rel1.win32_1.0.100.202509120712/tools/bin/../lib/gcc/arm-none-eabi/13.3.1/../../../../arm-none-eabi/lib/thumb/v7e-m+fp/hard\libc_nano.a(libc_a-mallocr.o)
                0x08002eb4                _malloc_r
 .text.__malloc_lock
                0x08002fb4        0xc D:/Programmes/STM32CubeIDE_2.0.0/STM32CubeIDE/plugins/com.st.stm32cube.ide.mcu.externaltools.gnu-tools-for-stm32.13.3.rel1.win32_1.0.100.202509120712/tools/bin/../lib/gcc/arm-none-eabi/13.3.1/../../../../arm-none-eabi/lib/thumb/v7e-m+fp/hard\libc_nano.a(libc_a-mlock.o)
                0x08002fb4                __malloc_lock
 .text.__malloc_unlock
                0x08002fc0        0xc D:/Programmes/STM32CubeIDE_2.0.0/STM32CubeIDE/plugins/com.st.stm32cube.ide.mcu.externaltools.gnu-tools-for-stm32.13.3.rel1.win32_1.0.100.202509120712/tools/bin/../lib/gcc/arm-none-eabi/13.3.1/../../../../arm-none-eabi/lib/thumb/v7e-m+fp/hard\libc_nano.a(libc_a-mlock.o)
                0x08002fc0                __malloc_unlock
 .text.__ssputs_r
                0x08002fcc       0xb6 D:/Programmes/STM32CubeIDE_2.0.0/STM32CubeIDE/plugins/com.st.stm32cube.ide.mcu.externaltools.gnu-tools-for-stm32.13.3.rel1.win32_1.0.100.202509120712/tools/bin/../lib/gcc/arm-none-eabi/13.3.1/../../../../arm-none-eabi/lib/thumb/v7e-m+fp/hard\libc_nano.a(libc_a-nano-svfprintf.o)
                0x08002fcc                __ssputs_r
 *fill*         0x08003082        0x2 
 .text._svfprintf_r
                0x08003084      0x1f8 D:/Programmes/STM32CubeIDE_2.0.0/STM32CubeIDE/plugins/com.st.stm32cube.ide.mcu.externaltools.gnu-tools-for-stm32.13.3.rel1.win32_1.0.100.202509120712/tools/bin/../lib/gcc/arm-none-eabi/13.3.1/../../../../arm-none-eabi/lib/thumb/v7e-m+fp/hard\libc_nano.a(libc_a-nano-svfprintf.o)
                0x08003084                _svfiprintf_r
                0x08003084                _svfprintf_r
 .text._printf_common
                0x0800327c       0xda D:/Programmes/STM32CubeIDE_2.0.0/STM32CubeIDE/plugins/com.st.stm32cube.ide.mcu.externaltools.gnu-tools-for-stm32.13.3.rel1.win32_1.0.100.202509120712/tools/bin/../lib/gcc/arm-none-eabi/13.3.1/../../../../arm-none-eabi/lib/thumb/v7e-m+fp/hard\libc_nano.a(libc_a-nano-vfprintf_i.o)
                0x0800327c                _printf_common
 *fill*         0x08003356        0x2 
 .text._printf_i
                0x08003358      0x23c D:/Programmes/STM32CubeIDE_2.0.0/STM32CubeIDE/plugins/com.st.stm32cube.ide.mcu.externaltools.gnu-tools-for-stm32.13.3.rel1.win32_1.0.100.202509120712/tools/bin/../lib/gcc/arm-none-eabi/13.3.1/../../../../arm-none-eabi/lib/thumb/v7e-m+fp/hard\libc_nano.a(libc_a-nano-vfprintf_i.o)
                0x08003358                _printf_i
 .text.memmove  0x08003594       0x34 D:/Programmes/STM32CubeIDE_2.0.0/STM32CubeIDE/plugins/com.st.stm32cube.ide.mcu.externaltools.gnu-tools-for-stm32.13.3.rel1.win32_1.0.100.202509120712/tools/bin/../lib/gcc/arm-none-eabi/13.3.1/../../../../arm-none-eabi/lib/thumb/v7e-m+fp/hard\libc_nano.a(libc_a-memmove.o)
                0x08003594                memmove
 .text._sbrk_r  0x080035c8       0x20 D:/Programmes/STM32CubeIDE_2.0.0/STM32CubeIDE/plugins/com.st.stm32cube.ide.mcu.externaltools.gnu-tools-for-stm32.13.3.rel1.win32_1.0.100.202509120712/tools/bin/../lib/gcc/arm-none-eabi/13.3.1/../../../../arm-none-eabi/lib/thumb/v7e-m+fp/hard\libc_nano.a(libc_a-sbrkr.o)
                0x080035c8                _sbrk_r
 .text._realloc_r
                0x080035e8       0x5c D:/Programmes/STM32CubeIDE_2.0.0/STM32CubeIDE/plugins/com.st.stm32cube.ide.mcu.externaltools.gnu-tools-for-stm32.13.3.rel1.win32_1.0.100.202509120712/tools/bin/../lib/gcc/arm-none-eabi/13.3.1/../../../../arm-none-eabi/lib/thumb/v7e-m+fp/hard\libc_nano.a(libc_a-reallocr.o)
                0x080035e8                _realloc_r
 .text._malloc_usable_size_r
                0x08003644       0x10 D:/Programmes/STM32CubeIDE_2.0.0/STM32CubeIDE/plugins/com.st.stm32cube.ide.mcu.externaltools.gnu-tools-for-stm32.13.3.rel1.win32_1.0.100.202509120712/tools/bin/../lib/gcc/arm-none-eabi/13.3.1/../../../../arm-none-eabi/lib/thumb/v7e-m+fp/hard\libc_nano.a(libc_a-msizer.o)
                0x08003644                _malloc_usable_size_r
 *(.glue_7)
 .glue_7        0x08003654        0x0 linker stubs
 *(.glue_7t)
 .glue_7t       0x08003654        0x0 linker stubs
 *(.eh_frame)
 .eh_frame      0x08003654        0x0 D:/Programmes/STM32CubeIDE_2.0.0/STM32CubeIDE/plugins/com.st.stm32cube.ide.mcu.externaltools.gnu-tools-for-stm32.13.3.rel1.win32_1.0.100.202509120712/tools/bin/../lib/gcc/arm-none-eabi/13.3.1/thumb/v7e-m+fp/hard/crtbegin.o
 *(.init)
 .init          0x08003654        0x4 D:/Programmes/STM32CubeIDE_2.0.0/STM32CubeIDE/plugins/com.st.stm32cube.ide.mcu.externaltools.gnu-tools-for-stm32.13.3.rel1.win32_1.0.100.202509120712/tools/bin/../lib/gcc/arm-none-eabi/13.3.1/thumb/v7e-m+fp/hard/crti.o
                0x08003654                _init
 .init          0x08003658        0x8 D:/Programmes/STM32CubeIDE_2.0.0/STM32CubeIDE/plugins/com.st.stm32cube.ide.mcu.externaltools.gnu-tools-for-stm32.13.3.rel1.win32_1.0.100.202509120712/tools/bin/../lib/gcc/arm-none-eabi/13.3.1/thumb/v7e-m+fp/hard/crtn.o
 *(.fini)
 .fini          0x08003660        0x4 D:/Programmes/STM32CubeIDE_2.0.0/STM32CubeIDE/plugins/com.st.stm32cube.ide.mcu.externaltools.gnu-tools-for-stm32.13.3.rel1.win32_1.0.100.202509120712/tools/bin/../lib/gcc/arm-none-eabi/13.3.1/thumb/v7e-m+fp/hard/crti.o
                0x08003660                _fini
 .fini          0x08003664        0x8 D:/Programmes/STM32CubeIDE_2.0.0/STM32CubeIDE/plugins/com.st.stm32cube.ide.mcu.externaltools.gnu-tools-for-stm32.13.3.rel1.win32_1.0.100.202509120712/tools/bin/../lib/gcc/arm-none-eabi/13.3.1/thumb/v7e-m+fp/hard/crtn.o
                0x0800366c                        . = ALIGN (0x4)
                0x0800366c                        _etext = .

.vfp11_veneer   0x0800366c        0x0
 .vfp11_veneer  0x0800366c        0x0 linker stubs

.v4_bx          0x0800366c        0x0
 .v4_bx         0x0800366c        0x0 linker stubs

.iplt           0x0800366c        0x0
 .iplt          0x0800366c        0x0 D:/Programmes/STM32CubeIDE_2.0.0/STM32CubeIDE/plugins/com.st.stm32cube.ide.mcu.externaltools.gnu-tools-for-stm32.13.3.rel1.win32_1.0.100.202509120712/tools/bin/../lib/gcc/arm-none-eabi/13.3.1/thumb/v7e-m+fp/hard/crtbegin.o

.rodata         0x0800366c     0x1538
                0x0800366c                        . = ALIGN (0x4)
 *(.rodata)
 .rodata        0x0800366c        0xc ./Core/Src/screen.o
 *(.rodata*)
 .rodata.Font7x10
                0x08003678      0x76c ./Core/Src/ssd1306_fonts.o
 .rodata.Font11x18
                0x08003de4      0xd5c ./Core/Src/ssd1306_fonts.o
 .rodata.Font_7x10
                0x08004b40        0xc ./Core/Src/ssd1306_fonts.o
                0x08004b40                Font_7x10
 .rodata.Font_11x18
                0x08004b4c        0xc ./Core/Src/ssd1306_fonts.o
                0x08004b4c                Font_11x18
 .rodata.AHBPrescTable
                0x08004b58       0x10 ./Core/Src/system_stm32f4xx.o
                0x08004b58                AHBPrescTable
 .rodata.APBPrescTable
                0x08004b68        0x8 ./Core/Src/system_stm32f4xx.o
                0x08004b68                APBPrescTable
 .rodata._svfprintf_r.str1.1
                0x08004b70       0x33 D:/Programmes/STM32CubeIDE_2.0.0/STM32CubeIDE/plugins/com.st.stm32cube.ide.mcu.externaltools.gnu-tools-for-stm32.13.3.rel1.win32_1.0.100.202509120712/tools/bin/../lib/gcc/arm-none-eabi/13.3.1/../../../../arm-none-eabi/lib/thumb/v7e-m+fp/hard\libc_nano.a(libc_a-nano-svfprintf.o)
                                 0x11 (size before relaxing)
 .rodata._printf_i.str1.1
                0x08004ba3        0x0 D:/Programmes/STM32CubeIDE_2.0.0/STM32CubeIDE/plugins/com.st.stm32cube.ide.mcu.externaltools.gnu-tools-for-stm32.13.3.rel1.win32_1.0.100.202509120712/tools/bin/../lib/gcc/arm-none-eabi/13.3.1/../../../../arm-none-eabi/lib/thumb/v7e-m+fp/hard\libc_nano.a(libc_a-nano-vfprintf_i.o)
                                 0x22 (size before relaxing)
                0x08004ba4                        . = ALIGN (0x4)
 *fill*         0x08004ba3        0x1 

.ARM.extab      0x08004ba4        0x0
                0x08004ba4                        . = ALIGN (0x4)
 *(.ARM.extab* .gnu.linkonce.armextab.*)
                0x08004ba4                        . = ALIGN (0x4)

.ARM            0x08004ba4        0x8
                0x08004ba4                        . = ALIGN (0x4)
                0x08004ba4                        __exidx_start = .
 *(.ARM.exidx*)
 .ARM.exidx     0x08004ba4        0x8 D:/Programmes/STM32CubeIDE_2.0.0/STM32CubeIDE/plugins/com.st.stm32cube.ide.mcu.externaltools.gnu-tools-for-stm32.13.3.rel1.win32_1.0.100.202509120712/tools/bin/../lib/gcc/arm-none-eabi/13.3.1/../../../../arm-none-eabi/lib/thumb/v7e-m+fp/hard\libc_nano.a(libc_a-memchr.o)
 .ARM.exidx     0x08004bac        0x0 D:/Programmes/STM32CubeIDE_2.0.0/STM32CubeIDE/plugins/com.st.stm32cube.ide.mcu.externaltools.gnu-tools-for-stm32.13.3.rel1.win32_1.0.100.202509120712/tools/bin/../lib/gcc/arm-none-eabi/13.3.1/thumb/v7e-m+fp/hard\libgcc.a(_udivmoddi4.o)
                                  0x8 (size before relaxing)
                0x08004bac                        __exidx_end = .
                0x08004bac                        . = ALIGN (0x4)

.preinit_array  0x08004bac        0x0
                0x08004bac                        . = ALIGN (0x4)
                0x08004bac                        PROVIDE (__preinit_array_start = .)
 *(.preinit_array*)
                0x08004bac                        PROVIDE (__preinit_array_end = .)
                0x08004bac                        . = ALIGN (0x4)

.init_array     0x08004bac        0x4
                0x08004bac                        . = ALIGN (0x4)
                0x08004bac                        PROVIDE (__init_array_start = .)
 *(SORT_BY_NAME(.init_array.*))
 *(.init_array*)
 .init_array    0x08004bac        0x4 D:/Programmes/STM32CubeIDE_2.0.0/STM32CubeIDE/plugins/com.st.stm32cube.ide.mcu.externaltools.gnu-tools-for-stm32.13.3.rel1.win32_1.0.100.202509120712/tools/bin/../lib/gcc/arm-none-eabi/13.3.1/thumb/v7e-m+fp/hard/crtbegin.o
                0x08004bb0                        PROVIDE (__init_array_end = .)
                0x08004bb0                        . = ALIGN (0x4)

.fini_array     0x08004bb0        0x4
                0x08004bb0                        . = ALIGN (0x4)
                [!provide]                        PROVIDE (__fini_array_start = .)
 *(SORT_BY_NAME(.fini_array.*))
 *(.fini_array*)
 .fini_array    0x08004bb0        0x4 D:/Programmes/STM32CubeIDE_2.0.0/STM32CubeIDE/plugins/com.st.stm32cube.ide.mcu.externaltools.gnu-tools-for-stm32.13.3.rel1.win32_1.0.100.202509120712/tools/bin/../lib/gcc/arm-none-eabi/13.3.1/thumb/v7e-m+fp/hard/crtbegin.o
                [!provide]                        PROVIDE (__fini_array_end = .)
                0x08004bb4                        . = ALIGN (0x4)
                0x08004bb4                        _sidata = LOADADDR (.data)

.rel.dyn        0x08004bb4        0x0
 .rel.iplt      0x08004bb4        0x0 D:/Programmes/STM32CubeIDE_2.0.0/STM32CubeIDE/plugins/com.st.stm32cube.ide.mcu.externaltools.gnu-tools-for-stm32.13.3.rel1.win32_1.0.100.202509120712/tools/bin/../lib/gcc/arm-none-eabi/13.3.1/thumb/v7e-m+fp/hard/crtbegin.o

.data           0x20000000       0x64 load address 0x08004bb4
                0x20000000                        . = ALIGN (0x4)
                0x20000000                        _sdata = .
 *(.data)
 *(.data*)
 .data.SystemCoreClock
                0x20000000        0x4 ./Core/Src/system_stm32f4xx.o
                0x20000000                SystemCoreClock
 .data.GPIO_PORT
                0x20000004        0x4 ./Drivers/BSP/STM32F4xx-Nucleo/stm32f4xx_nucleo.o
                0x20000004                GPIO_PORT
 .data.BUTTON_PORT
                0x20000008        0x4 ./Drivers/BSP/STM32F4xx-Nucleo/stm32f4xx_nucleo.o
                0x20000008                BUTTON_PORT
 .data.uwTickPrio
                0x2000000c        0x4 ./Drivers/STM32F4xx_HAL_Driver/Src/stm32f4xx_hal.o
                0x2000000c                uwTickPrio
 .data.uwTickFreq
                0x20000010        0x1 ./Drivers/STM32F4xx_HAL_Driver/Src/stm32f4xx_hal.o
                0x20000010                uwTickFreq
 *fill*         0x20000011        0x3 
 .data._impure_ptr
                0x20000014        0x4 D:/Programmes/STM32CubeIDE_2.0.0/STM32CubeIDE/plugins/com.st.stm32cube.ide.mcu.externaltools.gnu-tools-for-stm32.13.3.rel1.win32_1.0.100.202509120712/tools/bin/../lib/gcc/arm-none-eabi/13.3.1/../../../../arm-none-eabi/lib/thumb/v7e-m+fp/hard\libc_nano.a(libc_a-impure.o)
                0x20000014                _impure_ptr
 .data._impure_data
                0x20000018       0x4c D:/Programmes/STM32CubeIDE_2.0.0/STM32CubeIDE/plugins/com.st.stm32cube.ide.mcu.externaltools.gnu-tools-for-stm32.13.3.rel1.win32_1.0.100.202509120712/tools/bin/../lib/gcc/arm-none-eabi/13.3.1/../../../../arm-none-eabi/lib/thumb/v7e-m+fp/hard\libc_nano.a(libc_a-impure.o)
                0x20000018                _impure_data
 *(.RamFunc)
 *(.RamFunc*)
                0x20000064                        . = ALIGN (0x4)
                0x20000064                        _edata = .

.igot.plt       0x20000064        0x0 load address 0x08004c18
 .igot.plt      0x20000064        0x0 D:/Programmes/STM32CubeIDE_2.0.0/STM32CubeIDE/plugins/com.st.stm32cube.ide.mcu.externaltools.gnu-tools-for-stm32.13.3.rel1.win32_1.0.100.202509120712/tools/bin/../lib/gcc/arm-none-eabi/13.3.1/thumb/v7e-m+fp/hard/crtbegin.o
                0x20000064                        . = ALIGN (0x4)

.bss            0x20000064      0x5d4 load address 0x08004c18
                0x20000064                        _sbss = .
                0x20000064                        __bss_start__ = _sbss
 *(.bss)
 .bss           0x20000064       0x1c D:/Programmes/STM32CubeIDE_2.0.0/STM32CubeIDE/plugins/com.st.stm32cube.ide.mcu.externaltools.gnu-tools-for-stm32.13.3.rel1.win32_1.0.100.202509120712/tools/bin/../lib/gcc/arm-none-eabi/13.3.1/thumb/v7e-m+fp/hard/crtbegin.o
 *(.bss*)
 .bss.lastDebounceTime
                0x20000080        0x4 ./Core/Src/debounce_button.o
 .bss.lastState
                0x20000084        0x1 ./Core/Src/debounce_button.o
 .bss.stableState
                0x20000085        0x1 ./Core/Src/debounce_button.o
 *fill*         0x20000086        0x2 
 .bss.hi2c1     0x20000088       0x54 ./Core/Src/main.o
                0x20000088                hi2c1
 .bss.count     0x200000dc        0x4 ./Core/Src/main.o
                0x200000dc                count
 .bss.SSD1306_Buffer
                0x200000e0      0x400 ./Core/Src/ssd1306.o
 .bss.SSD1306   0x200004e0        0x6 ./Core/Src/ssd1306.o
 *fill*         0x200004e6        0x2 
 .bss.__sbrk_heap_end
                0x200004e8        0x4 ./Core/Src/sysmem.o
 .bss.uwTick    0x200004ec        0x4 ./Drivers/STM32F4xx_HAL_Driver/Src/stm32f4xx_hal.o
                0x200004ec                uwTick
 .bss.__sf      0x200004f0      0x138 D:/Programmes/STM32CubeIDE_2.0.0/STM32CubeIDE/plugins/com.st.stm32cube.ide.mcu.externaltools.gnu-tools-for-stm32.13.3.rel1.win32_1.0.100.202509120712/tools/bin/../lib/gcc/arm-none-eabi/13.3.1/../../../../arm-none-eabi/lib/thumb/v7e-m+fp/hard\libc_nano.a(libc_a-findfp.o)
                0x200004f0                __sf
 .bss.errno     0x20000628        0x4 D:/Programmes/STM32CubeIDE_2.0.0/STM32CubeIDE/plugins/com.st.stm32cube.ide.mcu.externaltools.gnu-tools-for-stm32.13.3.rel1.win32_1.0.100.202509120712/tools/bin/../lib/gcc/arm-none-eabi/13.3.1/../../../../arm-none-eabi/lib/thumb/v7e-m+fp/hard\libc_nano.a(libc_a-reent.o)
                0x20000628                errno
 .bss.__lock___malloc_recursive_mutex
                0x2000062c        0x1 D:/Programmes/STM32CubeIDE_2.0.0/STM32CubeIDE/plugins/com.st.stm32cube.ide.mcu.externaltools.gnu-tools-for-stm32.13.3.rel1.win32_1.0.100.202509120712/tools/bin/../lib/gcc/arm-none-eabi/13.3.1/../../../../arm-none-eabi/lib/thumb/v7e-m+fp/hard\libc_nano.a(libc_a-lock.o)
                0x2000062c                __lock___malloc_recursive_mutex
 *fill*         0x2000062d        0x3 
 .bss.__malloc_sbrk_start
                0x20000630        0x4 D:/Programmes/STM32CubeIDE_2.0.0/STM32CubeIDE/plugins/com.st.stm32cube.ide.mcu.externaltools.gnu-tools-for-stm32.13.3.rel1.win32_1.0.100.202509120712/tools/bin/../lib/gcc/arm-none-eabi/13.3.1/../../../../arm-none-eabi/lib/thumb/v7e-m+fp/hard\libc_nano.a(libc_a-mallocr.o)
                0x20000630                __malloc_sbrk_start
 .bss.__malloc_free_list
                0x20000634        0x4 D:/Programmes/STM32CubeIDE_2.0.0/STM32CubeIDE/plugins/com.st.stm32cube.ide.mcu.externaltools.gnu-tools-for-stm32.13.3.rel1.win32_1.0.100.202509120712/tools/bin/../lib/gcc/arm-none-eabi/13.3.1/../../../../arm-none-eabi/lib/thumb/v7e-m+fp/hard\libc_nano.a(libc_a-mallocr.o)
                0x20000634                __malloc_free_list
 *(COMMON)
                0x20000638                        . = ALIGN (0x4)
                0x20000638                        _ebss = .
                0x20000638                        __bss_end__ = _ebss

._user_heap_stack
                0x20000638      0x600 load address 0x08004c18
                0x20000638                        . = ALIGN (0x8)
                [!provide]                        PROVIDE (end = .)
                0x20000638                        PROVIDE (_end = .)
                0x20000838                        . = (. + _Min_Heap_Size)
 *fill*         0x20000638      0x200 
                0x20000c38                        . = (. + _Min_Stack_Size)
 *fill*         0x20000838      0x400 
                0x20000c38                        . = ALIGN (0x8)

/DISCARD/
 libc.a(*)
 libm.a(*)
 libgcc.a(*)

.ARM.attributes
                0x00000000       0x30
 *(.ARM.attributes)
 .ARM.attributes
                0x00000000       0x22 D:/Programmes/STM32CubeIDE_2.0.0/STM32CubeIDE/plugins/com.st.stm32cube.ide.mcu.externaltools.gnu-tools-for-stm32.13.3.rel1.win32_1.0.100.202509120712/tools/bin/../lib/gcc/arm-none-eabi/13.3.1/thumb/v7e-m+fp/hard/crti.o
 .ARM.attributes
                0x00000022       0x34 D:/Programmes/STM32CubeIDE_2.0.0/STM32CubeIDE/plugins/com.st.stm32cube.ide.mcu.externaltools.gnu-tools-for-stm32.13.3.rel1.win32_1.0.100.202509120712/tools/bin/../lib/gcc/arm-none-eabi/13.3.1/thumb/v7e-m+fp/hard/crtbegin.o
 .ARM.attributes
                0x00000056       0x34 ./Core/Src/debounce_button.o
 .ARM.attributes
                0x0000008a       0x34 ./Core/Src/main.o
 .ARM.attributes
                0x000000be       0x34 ./Core/Src/screen.o
 .ARM.attributes
                0x000000f2       0x34 ./Core/Src/ssd1306.o
 .ARM.attributes
                0x00000126       0x34 ./Core/Src/ssd1306_fonts.o
 .ARM.attributes
                0x0000015a       0x34 ./Core/Src/stm32f4xx_hal_msp.o
 .ARM.attributes
                0x0000018e       0x34 ./Core/Src/stm32f4xx_it.o
 .ARM.attributes
                0x000001c2       0x34 ./Core/Src/sysmem.o
 .ARM.attributes
                0x000001f6       0x34 ./Core/Src/system_stm32f4xx.o
 .ARM.attributes
                0x0000022a       0x21 ./Core/Startup/startup_stm32f446retx.o
 .ARM.attributes
                0x0000024b       0x34 ./Drivers/BSP/STM32F4xx-Nucleo/stm32f4xx_nucleo.o
 .ARM.attributes
                0x0000027f       0x34 ./Drivers/STM32F4xx_HAL_Driver/Src/stm32f4xx_hal.o
 .ARM.attributes
                0x000002b3       0x34 ./Drivers/STM32F4xx_HAL_Driver/Src/stm32f4xx_hal_cortex.o
 .ARM.attributes
                0x000002e7       0x34 ./Drivers/STM32F4xx_HAL_Driver/Src/stm32f4xx_hal_gpio.o
 .ARM.attributes
                0x0000031b       0x34 ./Drivers/STM32F4xx_HAL_Driver/Src/stm32f4xx_hal_i2c.o
 .ARM.attributes
                0x0000034f       0x34 ./Drivers/STM32F4xx_HAL_Driver/Src/stm32f4xx_hal_rcc.o
 .ARM.attributes
                0x00000383       0x34 ./Drivers/STM32F4xx_HAL_Driver/Src/stm32f4xx_hal_rcc_ex.o
 .ARM.attributes
                0x000003b7       0x34 D:/Programmes/STM32CubeIDE_2.0.0/STM32CubeIDE/plugins/com.st.stm32cube.ide.mcu.externaltools.gnu-tools-for-stm32.13.3.rel1.win32_1.0.100.202509120712/tools/bin/../lib/gcc/arm-none-eabi/13.3.1/../../../../arm-none-eabi/lib/thumb/v7e-m+fp/hard\libc_nano.a(libc_a-findfp.o)
 .ARM.attributes
                0x000003eb       0x34 D:/Programmes/STM32CubeIDE_2.0.0/STM32CubeIDE/plugins/com.st.stm32cube.ide.mcu.externaltools.gnu-tools-for-stm32.13.3.rel1.win32_1.0.100.202509120712/tools/bin/../lib/gcc/arm-none-eabi/13.3.1/../../../../arm-none-eabi/lib/thumb/v7e-m+fp/hard\libc_nano.a(libc_a-sprintf.o)
 .ARM.attributes
                0x0000041f       0x34 D:/Programmes/STM32CubeIDE_2.0.0/STM32CubeIDE/plugins/com.st.stm32cube.ide.mcu.externaltools.gnu-tools-for-stm32.13.3.rel1.win32_1.0.100.202509120712/tools/bin/../lib/gcc/arm-none-eabi/13.3.1/../../../../arm-none-eabi/lib/thumb/v7e-m+fp/hard\libc_nano.a(libc_a-memset.o)
 .ARM.attributes
                0x00000453       0x34 D:/Programmes/STM32CubeIDE_2.0.0/STM32CubeIDE/plugins/com.st.stm32cube.ide.mcu.externaltools.gnu-tools-for-stm32.13.3.rel1.win32_1.0.100.202509120712/tools/bin/../lib/gcc/arm-none-eabi/13.3.1/../../../../arm-none-eabi/lib/thumb/v7e-m+fp/hard\libc_nano.a(libc_a-reent.o)
 .ARM.attributes
                0x00000487       0x34 D:/Programmes/STM32CubeIDE_2.0.0/STM32CubeIDE/plugins/com.st.stm32cube.ide.mcu.externaltools.gnu-tools-for-stm32.13.3.rel1.win32_1.0.100.202509120712/tools/bin/../lib/gcc/arm-none-eabi/13.3.1/../../../../arm-none-eabi/lib/thumb/v7e-m+fp/hard\libc_nano.a(libc_a-impure.o)
 .ARM.attributes
                0x000004bb       0x34 D:/Programmes/STM32CubeIDE_2.0.0/STM32CubeIDE/plugins/com.st.stm32cube.ide.mcu.externaltools.gnu-tools-for-stm32.13.3.rel1.win32_1.0.100.202509120712/tools/bin/../lib/gcc/arm-none-eabi/13.3.1/../../../../arm-none-eabi/lib/thumb/v7e-m+fp/hard\libc_nano.a(libc_a-errno.o)
 .ARM.attributes
                0x000004ef       0x34 D:/Programmes/STM32CubeIDE_2.0.0/STM32CubeIDE/plugins/com.st.stm32cube.ide.mcu.externaltools.gnu-tools-for-stm32.13.3.rel1.win32_1.0.100.202509120712/tools/bin/../lib/gcc/arm-none-eabi/13.3.1/../../../../arm-none-eabi/lib/thumb/v7e-m+fp/hard\libc_nano.a(libc_a-init.o)
 .ARM.attributes
                0x00000523       0x34 D:/Programmes/STM32CubeIDE_2.0.0/STM32CubeIDE/plugins/com.st.stm32cube.ide.mcu.externaltools.gnu-tools-for-stm32.13.3.rel1.win32_1.0.100.202509120712/tools/bin/../lib/gcc/arm-none-eabi/13.3.1/../../../../arm-none-eabi/lib/thumb/v7e-m+fp/hard\libc_nano.a(libc_a-lock.o)
 .ARM.attributes
                0x00000557       0x34 D:/Programmes/STM32CubeIDE_2.0.0/STM32CubeIDE/plugins/com.st.stm32cube.ide.mcu.externaltools.gnu-tools-for-stm32.13.3.rel1.win32_1.0.100.202509120712/tools/bin/../lib/gcc/arm-none-eabi/13.3.1/../../../../arm-none-eabi/lib/thumb/v7e-m+fp/hard\libc_nano.a(libc_a-memcpy-stub.o)
 .ARM.attributes
                0x0000058b       0x34 D:/Programmes/STM32CubeIDE_2.0.0/STM32CubeIDE/plugins/com.st.stm32cube.ide.mcu.externaltools.gnu-tools-for-stm32.13.3.rel1.win32_1.0.100.202509120712/tools/bin/../lib/gcc/arm-none-eabi/13.3.1/../../../../arm-none-eabi/lib/thumb/v7e-m+fp/hard\libc_nano.a(libc_a-freer.o)
 .ARM.attributes
                0x000005bf       0x34 D:/Programmes/STM32CubeIDE_2.0.0/STM32CubeIDE/plugins/com.st.stm32cube.ide.mcu.externaltools.gnu-tools-for-stm32.13.3.rel1.win32_1.0.100.202509120712/tools/bin/../lib/gcc/arm-none-eabi/13.3.1/../../../../arm-none-eabi/lib/thumb/v7e-m+fp/hard\libc_nano.a(libc_a-mallocr.o)
 .ARM.attributes
                0x000005f3       0x34 D:/Programmes/STM32CubeIDE_2.0.0/STM32CubeIDE/plugins/com.st.stm32cube.ide.mcu.externaltools.gnu-tools-for-stm32.13.3.rel1.win32_1.0.100.202509120712/tools/bin/../lib/gcc/arm-none-eabi/13.3.1/../../../../arm-none-eabi/lib/thumb/v7e-m+fp/hard\libc_nano.a(libc_a-mlock.o)
 .ARM.attributes
                0x00000627       0x34 D:/Programmes/STM32CubeIDE_2.0.0/STM32CubeIDE/plugins/com.st.stm32cube.ide.mcu.externaltools.gnu-tools-for-stm32.13.3.rel1.win32_1.0.100.202509120712/tools/bin/../lib/gcc/arm-none-eabi/13.3.1/../../../../arm-none-eabi/lib/thumb/v7e-m+fp/hard\libc_nano.a(libc_a-nano-svfprintf.o)
 .ARM.attributes
                0x0000065b       0x34 D:/Programmes/STM32CubeIDE_2.0.0/STM32CubeIDE/plugins/com.st.stm32cube.ide.mcu.externaltools.gnu-tools-for-stm32.13.3.rel1.win32_1.0.100.202509120712/tools/bin/../lib/gcc/arm-none-eabi/13.3.1/../../../../arm-none-eabi/lib/thumb/v7e-m+fp/hard\libc_nano.a(libc_a-nano-vfprintf_i.o)
 .ARM.attributes
                0x0000068f       0x34 D:/Programmes/STM32CubeIDE_2.0.0/STM32CubeIDE/plugins/com.st.stm32cube.ide.mcu.externaltools.gnu-tools-for-stm32.13.3.rel1.win32_1.0.100.202509120712/tools/bin/../lib/gcc/arm-none-eabi/13.3.1/../../../../arm-none-eabi/lib/thumb/v7e-m+fp/hard\libc_nano.a(libc_a-memmove.o)
 .ARM.attributes
                0x000006c3       0x34 D:/Programmes/STM32CubeIDE_2.0.0/STM32CubeIDE/plugins/com.st.stm32cube.ide.mcu.externaltools.gnu-tools-for-stm32.13.3.rel1.win32_1.0.100.202509120712/tools/bin/../lib/gcc/arm-none-eabi/13.3.1/../../../../arm-none-eabi/lib/thumb/v7e-m+fp/hard\libc_nano.a(libc_a-sbrkr.o)
 .ARM.attributes
                0x000006f7       0x1c D:/Programmes/STM32CubeIDE_2.0.0/STM32CubeIDE/plugins/com.st.stm32cube.ide.mcu.externaltools.gnu-tools-for-stm32.13.3.rel1.win32_1.0.100.202509120712/tools/bin/../lib/gcc/arm-none-eabi/13.3.1/../../../../arm-none-eabi/lib/thumb/v7e-m+fp/hard\libc_nano.a(libc_a-memchr.o)
 .ARM.attributes
                0x00000713       0x34 D:/Programmes/STM32CubeIDE_2.0.0/STM32CubeIDE/plugins/com.st.stm32cube.ide.mcu.externaltools.gnu-tools-for-stm32.13.3.rel1.win32_1.0.100.202509120712/tools/bin/../lib/gcc/arm-none-eabi/13.3.1/../../../../arm-none-eabi/lib/thumb/v7e-m+fp/hard\libc_nano.a(libc_a-reallocr.o)
 .ARM.attributes
                0x00000747       0x34 D:/Programmes/STM32CubeIDE_2.0.0/STM32CubeIDE/plugins/com.st.stm32cube.ide.mcu.externaltools.gnu-tools-for-stm32.13.3.rel1.win32_1.0.100.202509120712/tools/bin/../lib/gcc/arm-none-eabi/13.3.1/../../../../arm-none-eabi/lib/thumb/v7e-m+fp/hard\libc_nano.a(libc_a-msizer.o)
 .ARM.attributes
                0x0000077b       0x22 D:/Programmes/STM32CubeIDE_2.0.0/STM32CubeIDE/plugins/com.st.stm32cube.ide.mcu.externaltools.gnu-tools-for-stm32.13.3.rel1.win32_1.0.100.202509120712/tools/bin/../lib/gcc/arm-none-eabi/13.3.1/thumb/v7e-m+fp/hard\libgcc.a(_aeabi_uldivmod.o)
 .ARM.attributes
                0x0000079d       0x34 D:/Programmes/STM32CubeIDE_2.0.0/STM32CubeIDE/plugins/com.st.stm32cube.ide.mcu.externaltools.gnu-tools-for-stm32.13.3.rel1.win32_1.0.100.202509120712/tools/bin/../lib/gcc/arm-none-eabi/13.3.1/thumb/v7e-m+fp/hard\libgcc.a(_udivmoddi4.o)
 .ARM.attributes
                0x000007d1       0x22 D:/Programmes/STM32CubeIDE_2.0.0/STM32CubeIDE/plugins/com.st.stm32cube.ide.mcu.externaltools.gnu-tools-for-stm32.13.3.rel1.win32_1.0.100.202509120712/tools/bin/../lib/gcc/arm-none-eabi/13.3.1/thumb/v7e-m+fp/hard\libgcc.a(_dvmd_tls.o)
 .ARM.attributes
                0x000007f3       0x22 D:/Programmes/STM32CubeIDE_2.0.0/STM32CubeIDE/plugins/com.st.stm32cube.ide.mcu.externaltools.gnu-tools-for-stm32.13.3.rel1.win32_1.0.100.202509120712/tools/bin/../lib/gcc/arm-none-eabi/13.3.1/thumb/v7e-m+fp/hard/crtn.o
OUTPUT(MemoryGame.elf elf32-littlearm)
LOAD linker stubs
LOAD D:/Programmes/STM32CubeIDE_2.0.0/STM32CubeIDE/plugins/com.st.stm32cube.ide.mcu.externaltools.gnu-tools-for-stm32.13.3.rel1.win32_1.0.100.202509120712/tools/bin/../lib/gcc/arm-none-eabi/13.3.1/../../../../arm-none-eabi/lib/thumb/v7e-m+fp/hard\libc.a
LOAD D:/Programmes/STM32CubeIDE_2.0.0/STM32CubeIDE/plugins/com.st.stm32cube.ide.mcu.externaltools.gnu-tools-for-stm32.13.3.rel1.win32_1.0.100.202509120712/tools/bin/../lib/gcc/arm-none-eabi/13.3.1/../../../../arm-none-eabi/lib/thumb/v7e-m+fp/hard\libm.a
LOAD D:/Programmes/STM32CubeIDE_2.0.0/STM32CubeIDE/plugins/com.st.stm32cube.ide.mcu.externaltools.gnu-tools-for-stm32.13.3.rel1.win32_1.0.100.202509120712/tools/bin/../lib/gcc/arm-none-eabi/13.3.1/thumb/v7e-m+fp/hard\libgcc.a

.debug_info     0x00000000     0x9626
 .debug_info    0x00000000      0x217 ./Core/Src/debounce_button.o
 .debug_info    0x00000217      0xd09 ./Core/Src/main.o
 .debug_info    0x00000f20      0x20c ./Core/Src/screen.o
 .debug_info    0x0000112c     0x128f ./Core/Src/ssd1306.o
 .debug_info    0x000023bb      0x2a4 ./Core/Src/ssd1306_fonts.o
 .debug_info    0x0000265f      0x983 ./Core/Src/stm32f4xx_hal_msp.o
 .debug_info    0x00002fe2      0x14a ./Core/Src/stm32f4xx_it.o
 .debug_info    0x0000312c      0x168 ./Core/Src/sysmem.o
 .debug_info    0x00003294      0x54a ./Core/Src/system_stm32f4xx.o
 .debug_info    0x000037de       0x30 ./Core/Startup/startup_stm32f446retx.o
 .debug_info    0x0000380e      0x949 ./Drivers/BSP/STM32F4xx-Nucleo/stm32f4xx_nucleo.o
 .debug_info    0x00004157      0x99a ./Drivers/STM32F4xx_HAL_Driver/Src/stm32f4xx_hal.o
 .debug_info    0x00004af1      0xdaa ./Drivers/STM32F4xx_HAL_Driver/Src/stm32f4xx_hal_cortex.o
 .debug_info    0x0000589b      0x70b ./Drivers/STM32F4xx_HAL_Driver/Src/stm32f4xx_hal_gpio.o
 .debug_info    0x00005fa6     0x2421 ./Drivers/STM32F4xx_HAL_Driver/Src/stm32f4xx_hal_i2c.o
 .debug_info    0x000083c7      0x8ff ./Drivers/STM32F4xx_HAL_Driver/Src/stm32f4xx_hal_rcc.o
 .debug_info    0x00008cc6      0x960 ./Drivers/STM32F4xx_HAL_Driver/Src/stm32f4xx_hal_rcc_ex.o

.debug_abbrev   0x00000000     0x1e3f
 .debug_abbrev  0x00000000      0x132 ./Core/Src/debounce_button.o
 .debug_abbrev  0x00000132      0x2a9 ./Core/Src/main.o
 .debug_abbrev  0x000003db      0x138 ./Core/Src/screen.o
 .debug_abbrev  0x00000513      0x357 ./Core/Src/ssd1306.o
 .debug_abbrev  0x0000086a       0xcf ./Core/Src/ssd1306_fonts.o
 .debug_abbrev  0x00000939      0x1ba ./Core/Src/stm32f4xx_hal_msp.o
 .debug_abbrev  0x00000af3       0xa0 ./Core/Src/stm32f4xx_it.o
 .debug_abbrev  0x00000b93       0xbc ./Core/Src/sysmem.o
 .debug_abbrev  0x00000c4f      0x11a ./Core/Src/system_stm32f4xx.o
 .debug_abbrev  0x00000d69       0x24 ./Core/Startup/startup_stm32f446retx.o
 .debug_abbrev  0x00000d8d      0x238 ./Drivers/BSP/STM32F4xx-Nucleo/stm32f4xx_nucleo.o
 .debug_abbrev  0x00000fc5      0x214 ./Drivers/STM32F4xx_HAL_Driver/Src/stm32f4xx_hal.o
 .debug_abbrev  0x000011d9      0x31d ./Drivers/STM32F4xx_HAL_Driver/Src/stm32f4xx_hal_cortex.o
 .debug_abbrev  0x000014f6      0x1d4 ./Drivers/STM32F4xx_HAL_Driver/Src/stm32f4xx_hal_gpio.o
 .debug_abbrev  0x000016ca      0x2ad ./Drivers/STM32F4xx_HAL_Driver/Src/stm32f4xx_hal_i2c.o
 .debug_abbrev  0x00001977      0x2b7 ./Drivers/STM32F4xx_HAL_Driver/Src/stm32f4xx_hal_rcc.o
 .debug_abbrev  0x00001c2e      0x211 ./Drivers/STM32F4xx_HAL_Driver/Src/stm32f4xx_hal_rcc_ex.o

.debug_aranges  0x00000000      0x908
 .debug_aranges
                0x00000000       0x20 ./Core/Src/debounce_button.o
 .debug_aranges
                0x00000020       0x40 ./Core/Src/main.o
 .debug_aranges
                0x00000060       0x20 ./Core/Src/screen.o
 .debug_aranges
                0x00000080       0xe8 ./Core/Src/ssd1306.o
 .debug_aranges
                0x00000168       0x18 ./Core/Src/ssd1306_fonts.o
 .debug_aranges
                0x00000180       0x30 ./Core/Src/stm32f4xx_hal_msp.o
 .debug_aranges
                0x000001b0       0x68 ./Core/Src/stm32f4xx_it.o
 .debug_aranges
                0x00000218       0x20 ./Core/Src/sysmem.o
 .debug_aranges
                0x00000238       0x28 ./Core/Src/system_stm32f4xx.o
 .debug_aranges
                0x00000260       0x28 ./Core/Startup/startup_stm32f446retx.o
 .debug_aranges
                0x00000288       0x60 ./Drivers/BSP/STM32F4xx-Nucleo/stm32f4xx_nucleo.o
 .debug_aranges
                0x000002e8       0xf0 ./Drivers/STM32F4xx_HAL_Driver/Src/stm32f4xx_hal.o
 .debug_aranges
                0x000003d8      0x130 ./Drivers/STM32F4xx_HAL_Driver/Src/stm32f4xx_hal_cortex.o
 .debug_aranges
                0x00000508       0x58 ./Drivers/STM32F4xx_HAL_Driver/Src/stm32f4xx_hal_gpio.o
 .debug_aranges
                0x00000560      0x2a8 ./Drivers/STM32F4xx_HAL_Driver/Src/stm32f4xx_hal_i2c.o
 .debug_aranges
                0x00000808       0x88 ./Drivers/STM32F4xx_HAL_Driver/Src/stm32f4xx_hal_rcc.o
 .debug_aranges
                0x00000890       0x78 ./Drivers/STM32F4xx_HAL_Driver/Src/stm32f4xx_hal_rcc_ex.o

.debug_rnglists
                0x00000000      0x6c8
 .debug_rnglists
                0x00000000       0x13 ./Core/Src/debounce_button.o
 .debug_rnglists
                0x00000013       0x2d ./Core/Src/main.o
 .debug_rnglists
                0x00000040       0x13 ./Core/Src/screen.o
 .debug_rnglists
                0x00000053       0xb4 ./Core/Src/ssd1306.o
 .debug_rnglists
                0x00000107       0x20 ./Core/Src/stm32f4xx_hal_msp.o
 .debug_rnglists
                0x00000127       0x49 ./Core/Src/stm32f4xx_it.o
 .debug_rnglists
                0x00000170       0x13 ./Core/Src/sysmem.o
 .debug_rnglists
                0x00000183       0x1a ./Core/Src/system_stm32f4xx.o
 .debug_rnglists
                0x0000019d       0x19 ./Core/Startup/startup_stm32f446retx.o
 .debug_rnglists
                0x000001b6       0x44 ./Drivers/BSP/STM32F4xx-Nucleo/stm32f4xx_nucleo.o
 .debug_rnglists
                0x000001fa       0xaf ./Drivers/STM32F4xx_HAL_Driver/Src/stm32f4xx_hal.o
 .debug_rnglists
                0x000002a9       0xe0 ./Drivers/STM32F4xx_HAL_Driver/Src/stm32f4xx_hal_cortex.o
 .debug_rnglists
                0x00000389       0x3f ./Drivers/STM32F4xx_HAL_Driver/Src/stm32f4xx_hal_gpio.o
 .debug_rnglists
                0x000003c8      0x23c ./Drivers/STM32F4xx_HAL_Driver/Src/stm32f4xx_hal_i2c.o
 .debug_rnglists
                0x00000604       0x66 ./Drivers/STM32F4xx_HAL_Driver/Src/stm32f4xx_hal_rcc.o
 .debug_rnglists
                0x0000066a       0x5e ./Drivers/STM32F4xx_HAL_Driver/Src/stm32f4xx_hal_rcc_ex.o

.debug_macro    0x00000000    0x220e9
 .debug_macro   0x00000000      0x1f3 ./Core/Src/debounce_button.o
 .debug_macro   0x000001f3      0xade ./Core/Src/debounce_button.o
 .debug_macro   0x00000cd1      0x295 ./Core/Src/debounce_button.o
 .debug_macro   0x00000f66       0x2e ./Core/Src/debounce_button.o
 .debug_macro   0x00000f94       0x28 ./Core/Src/debounce_button.o
 .debug_macro   0x00000fbc       0x22 ./Core/Src/debounce_button.o
 .debug_macro   0x00000fde       0x8e ./Core/Src/debounce_button.o
 .debug_macro   0x0000106c       0x51 ./Core/Src/debounce_button.o
 .debug_macro   0x000010bd      0x103 ./Core/Src/debounce_button.o
 .debug_macro   0x000011c0       0x6a ./Core/Src/debounce_button.o
 .debug_macro   0x0000122a      0x1df ./Core/Src/debounce_button.o
 .debug_macro   0x00001409       0x1c ./Core/Src/debounce_button.o
 .debug_macro   0x00001425       0x22 ./Core/Src/debounce_button.o
 .debug_macro   0x00001447       0xfb ./Core/Src/debounce_button.o
 .debug_macro   0x00001542     0x1011 ./Core/Src/debounce_button.o
 .debug_macro   0x00002553      0x11f ./Core/Src/debounce_button.o
 .debug_macro   0x00002672    0x1675e ./Core/Src/debounce_button.o
 .debug_macro   0x00018dd0       0x6d ./Core/Src/debounce_button.o
 .debug_macro   0x00018e3d     0x3693 ./Core/Src/debounce_button.o
 .debug_macro   0x0001c4d0      0x190 ./Core/Src/debounce_button.o
 .debug_macro   0x0001c660       0x5c ./Core/Src/debounce_button.o
 .debug_macro   0x0001c6bc      0xca5 ./Core/Src/debounce_button.o
 .debug_macro   0x0001d361      0x9e9 ./Core/Src/debounce_button.o
 .debug_macro   0x0001dd4a      0x115 ./Core/Src/debounce_button.o
 .debug_macro   0x0001de5f      0x1a0 ./Core/Src/debounce_button.o
 .debug_macro   0x0001dfff       0xa5 ./Core/Src/debounce_button.o
 .debug_macro   0x0001e0a4      0x16d ./Core/Src/debounce_button.o
 .debug_macro   0x0001e211      0x287 ./Core/Src/debounce_button.o
 .debug_macro   0x0001e498       0x5f ./Core/Src/debounce_button.o
 .debug_macro   0x0001e4f7      0x236 ./Core/Src/debounce_button.o
 .debug_macro   0x0001e72d      0x132 ./Core/Src/debounce_button.o
 .debug_macro   0x0001e85f      0x29c ./Core/Src/debounce_button.o
 .debug_macro   0x0001eafb       0x2e ./Core/Src/debounce_button.o
 .debug_macro   0x0001eb29      0x1b5 ./Core/Src/debounce_button.o
 .debug_macro   0x0001ecde       0x22 ./Core/Src/debounce_button.o
 .debug_macro   0x0001ed00       0xd6 ./Core/Src/debounce_button.o
 .debug_macro   0x0001edd6      0x127 ./Core/Src/debounce_button.o
 .debug_macro   0x0001eefd       0xe8 ./Core/Src/debounce_button.o
 .debug_macro   0x0001efe5       0x89 ./Core/Src/debounce_button.o
 .debug_macro   0x0001f06e      0x126 ./Core/Src/debounce_button.o
 .debug_macro   0x0001f194       0xa1 ./Core/Src/debounce_button.o
 .debug_macro   0x0001f235       0x40 ./Core/Src/debounce_button.o
 .debug_macro   0x0001f275       0x22 ./Core/Src/debounce_button.o
 .debug_macro   0x0001f297       0x10 ./Core/Src/debounce_button.o
 .debug_macro   0x0001f2a7      0x2f2 ./Core/Src/main.o
 .debug_macro   0x0001f599       0x61 ./Core/Src/main.o
 .debug_macro   0x0001f5fa       0x2a ./Core/Src/main.o
 .debug_macro   0x0001f624       0x43 ./Core/Src/main.o
 .debug_macro   0x0001f667       0x34 ./Core/Src/main.o
 .debug_macro   0x0001f69b       0x52 ./Core/Src/main.o
 .debug_macro   0x0001f6ed       0x40 ./Core/Src/main.o
 .debug_macro   0x0001f72d       0x16 ./Core/Src/main.o
 .debug_macro   0x0001f743       0x3c ./Core/Src/main.o
 .debug_macro   0x0001f77f      0x370 ./Core/Src/main.o
 .debug_macro   0x0001faef       0x10 ./Core/Src/main.o
 .debug_macro   0x0001faff       0x16 ./Core/Src/main.o
 .debug_macro   0x0001fb15       0x4a ./Core/Src/main.o
 .debug_macro   0x0001fb5f       0x34 ./Core/Src/main.o
 .debug_macro   0x0001fb93       0x10 ./Core/Src/main.o
 .debug_macro   0x0001fba3       0x58 ./Core/Src/main.o
 .debug_macro   0x0001fbfb       0x8e ./Core/Src/main.o
 .debug_macro   0x0001fc89       0x1c ./Core/Src/main.o
 .debug_macro   0x0001fca5      0x185 ./Core/Src/main.o
 .debug_macro   0x0001fe2a       0x16 ./Core/Src/main.o
 .debug_macro   0x0001fe40       0x16 ./Core/Src/main.o
 .debug_macro   0x0001fe56      0x146 ./Core/Src/main.o
 .debug_macro   0x0001ff9c      0x2da ./Core/Src/screen.o
 .debug_macro   0x00020276       0x28 ./Core/Src/screen.o
 .debug_macro   0x0002029e      0x2f4 ./Core/Src/ssd1306.o
 .debug_macro   0x00020592      0x19b ./Core/Src/ssd1306.o
 .debug_macro   0x0002072d       0x16 ./Core/Src/ssd1306.o
 .debug_macro   0x00020743       0x16 ./Core/Src/ssd1306.o
 .debug_macro   0x00020759       0x29 ./Core/Src/ssd1306.o
 .debug_macro   0x00020782       0x16 ./Core/Src/ssd1306.o
 .debug_macro   0x00020798       0x20 ./Core/Src/ssd1306.o
 .debug_macro   0x000207b8      0x21f ./Core/Src/ssd1306_fonts.o
 .debug_macro   0x000209d7      0x1e1 ./Core/Src/stm32f4xx_hal_msp.o
 .debug_macro   0x00020bb8      0x1eb ./Core/Src/stm32f4xx_it.o
 .debug_macro   0x00020da3      0x116 ./Core/Src/sysmem.o
 .debug_macro   0x00020eb9      0x23c ./Core/Src/sysmem.o
 .debug_macro   0x000210f5      0x1c9 ./Core/Src/system_stm32f4xx.o
 .debug_macro   0x000212be      0x202 ./Drivers/BSP/STM32F4xx-Nucleo/stm32f4xx_nucleo.o
 .debug_macro   0x000214c0       0x9b ./Drivers/BSP/STM32F4xx-Nucleo/stm32f4xx_nucleo.o
 .debug_macro   0x0002155b      0x229 ./Drivers/STM32F4xx_HAL_Driver/Src/stm32f4xx_hal.o
 .debug_macro   0x00021784      0x1c9 ./Drivers/STM32F4xx_HAL_Driver/Src/stm32f4xx_hal_cortex.o
 .debug_macro   0x0002194d      0x1cf ./Drivers/STM32F4xx_HAL_Driver/Src/stm32f4xx_hal_gpio.o
 .debug_macro   0x00021b1c      0x217 ./Drivers/STM32F4xx_HAL_Driver/Src/stm32f4xx_hal_i2c.o
 .debug_macro   0x00021d33      0x1ed ./Drivers/STM32F4xx_HAL_Driver/Src/stm32f4xx_hal_rcc.o
 .debug_macro   0x00021f20      0x1c9 ./Drivers/STM32F4xx_HAL_Driver/Src/stm32f4xx_hal_rcc_ex.o

.debug_line     0x00000000     0xde92
 .debug_line    0x00000000      0x7b0 ./Core/Src/debounce_button.o
 .debug_line    0x000007b0      0xaeb ./Core/Src/main.o
 .debug_line    0x0000129b      0x99f ./Core/Src/screen.o
 .debug_line    0x00001c3a     0x126f ./Core/Src/ssd1306.o
 .debug_line    0x00002ea9      0x90c ./Core/Src/ssd1306_fonts.o
 .debug_line    0x000037b5      0x7a7 ./Core/Src/stm32f4xx_hal_msp.o
 .debug_line    0x00003f5c      0x81f ./Core/Src/stm32f4xx_it.o
 .debug_line    0x0000477b      0x66f ./Core/Src/sysmem.o
 .debug_line    0x00004dea      0x798 ./Core/Src/system_stm32f4xx.o
 .debug_line    0x00005582       0x7a ./Core/Startup/startup_stm32f446retx.o
 .debug_line    0x000055fc      0x876 ./Drivers/BSP/STM32F4xx-Nucleo/stm32f4xx_nucleo.o
 .debug_line    0x00005e72      0xa14 ./Drivers/STM32F4xx_HAL_Driver/Src/stm32f4xx_hal.o
 .debug_line    0x00006886      0xce4 ./Drivers/STM32F4xx_HAL_Driver/Src/stm32f4xx_hal_cortex.o
 .debug_line    0x0000756a      0xb58 ./Drivers/STM32F4xx_HAL_Driver/Src/stm32f4xx_hal_gpio.o
 .debug_line    0x000080c2     0x3ac1 ./Drivers/STM32F4xx_HAL_Driver/Src/stm32f4xx_hal_i2c.o
 .debug_line    0x0000bb83      0xe2f ./Drivers/STM32F4xx_HAL_Driver/Src/stm32f4xx_hal_rcc.o
 .debug_line    0x0000c9b2     0x14e0 ./Drivers/STM32F4xx_HAL_Driver/Src/stm32f4xx_hal_rcc_ex.o

.debug_str      0x00000000    0xc9ffb
 .debug_str     0x00000000    0xc9ffb ./Core/Src/debounce_button.o
                              0xc27a7 (size before relaxing)
 .debug_str     0x000c9ffb        0x0 ./Core/Src/main.o
                              0xc69c4 (size before relaxing)
 .debug_str     0x000c9ffb        0x0 ./Core/Src/screen.o
                              0xc5c95 (size before relaxing)
 .debug_str     0x000c9ffb        0x0 ./Core/Src/ssd1306.o
                              0xc6865 (size before relaxing)
 .debug_str     0x000c9ffb        0x0 ./Core/Src/ssd1306_fonts.o
                              0xc27c0 (size before relaxing)
 .debug_str     0x000c9ffb        0x0 ./Core/Src/stm32f4xx_hal_msp.o
                              0xc2d3c (size before relaxing)
 .debug_str     0x000c9ffb        0x0 ./Core/Src/stm32f4xx_it.o
                              0xc271f (size before relaxing)
 .debug_str     0x000c9ffb        0x0 ./Core/Src/sysmem.o
                               0x777e (size before relaxing)
 .debug_str     0x000c9ffb        0x0 ./Core/Src/system_stm32f4xx.o
                              0xc2365 (size before relaxing)
 .debug_str     0x000c9ffb        0x0 ./Core/Startup/startup_stm32f446retx.o
                                 0x70 (size before relaxing)
 .debug_str     0x000c9ffb        0x0 ./Drivers/BSP/STM32F4xx-Nucleo/stm32f4xx_nucleo.o
                              0xc300f (size before relaxing)
 .debug_str     0x000c9ffb        0x0 ./Drivers/STM32F4xx_HAL_Driver/Src/stm32f4xx_hal.o
                              0xc2f2a (size before relaxing)
 .debug_str     0x000c9ffb        0x0 ./Drivers/STM32F4xx_HAL_Driver/Src/stm32f4xx_hal_cortex.o
                              0xc2c81 (size before relaxing)
 .debug_str     0x000c9ffb        0x0 ./Drivers/STM32F4xx_HAL_Driver/Src/stm32f4xx_hal_gpio.o
                              0xc24e0 (size before relaxing)
 .debug_str     0x000c9ffb        0x0 ./Drivers/STM32F4xx_HAL_Driver/Src/stm32f4xx_hal_i2c.o
                              0xc3363 (size before relaxing)
 .debug_str     0x000c9ffb        0x0 ./Drivers/STM32F4xx_HAL_Driver/Src/stm32f4xx_hal_rcc.o
                              0xc279e (size before relaxing)
 .debug_str     0x000c9ffb        0x0 ./Drivers/STM32F4xx_HAL_Driver/Src/stm32f4xx_hal_rcc_ex.o
                              0xc27d1 (size before relaxing)

.comment        0x00000000       0x43
 .comment       0x00000000       0x43 ./Core/Src/debounce_button.o
                                 0x44 (size before relaxing)
 .comment       0x00000043        0x0 ./Core/Src/main.o
                                 0x44 (size before relaxing)
 .comment       0x00000043        0x0 ./Core/Src/screen.o
                                 0x44 (size before relaxing)
 .comment       0x00000043        0x0 ./Core/Src/ssd1306.o
                                 0x44 (size before relaxing)
 .comment       0x00000043        0x0 ./Core/Src/ssd1306_fonts.o
                                 0x44 (size before relaxing)
 .comment       0x00000043        0x0 ./Core/Src/stm32f4xx_hal_msp.o
                                 0x44 (size before relaxing)
 .comment       0x00000043        0x0 ./Core/Src/stm32f4xx_it.o
                                 0x44 (size before relaxing)
 .comment       0x00000043        0x0 ./Core/Src/sysmem.o
                                 0x44 (size before relaxing)
 .comment       0x00000043        0x0 ./Core/Src/system_stm32f4xx.o
                                 0x44 (size before relaxing)
 .comment       0x00000043        0x0 ./Drivers/BSP/STM32F4xx-Nucleo/stm32f4xx_nucleo.o
                                 0x44 (size before relaxing)
 .comment       0x00000043        0x0 ./Drivers/STM32F4xx_HAL_Driver/Src/stm32f4xx_hal.o
                                 0x44 (size before relaxing)
 .comment       0x00000043        0x0 ./Drivers/STM32F4xx_HAL_Driver/Src/stm32f4xx_hal_cortex.o
                                 0x44 (size before relaxing)
 .comment       0x00000043        0x0 ./Drivers/STM32F4xx_HAL_Driver/Src/stm32f4xx_hal_gpio.o
                                 0x44 (size before relaxing)
 .comment       0x00000043        0x0 ./Drivers/STM32F4xx_HAL_Driver/Src/stm32f4xx_hal_i2c.o
                                 0x44 (size before relaxing)
 .comment       0x00000043        0x0 ./Drivers/STM32F4xx_HAL_Driver/Src/stm32f4xx_hal_rcc.o
                                 0x44 (size before relaxing)
 .comment       0x00000043        0x0 ./Drivers/STM32F4xx_HAL_Driver/Src/stm32f4xx_hal_rcc_ex.o
                                 0x44 (size before relaxing)

.debug_frame    0x00000000     0x2880
 .debug_frame   0x00000000       0x34 ./Core/Src/debounce_button.o
 .debug_frame   0x00000034       0xa8 ./Core/Src/main.o
 .debug_frame   0x000000dc       0x34 ./Core/Src/screen.o
 .debug_frame   0x00000110      0x3e4 ./Core/Src/ssd1306.o
 .debug_frame   0x000004f4       0x7c ./Core/Src/stm32f4xx_hal_msp.o
 .debug_frame   0x00000570      0x120 ./Core/Src/stm32f4xx_it.o
 .debug_frame   0x00000690       0x34 ./Core/Src/sysmem.o
 .debug_frame   0x000006c4       0x58 ./Core/Src/system_stm32f4xx.o
 .debug_frame   0x0000071c      0x150 ./Drivers/BSP/STM32F4xx-Nucleo/stm32f4xx_nucleo.o
 .debug_frame   0x0000086c      0x374 ./Drivers/STM32F4xx_HAL_Driver/Src/stm32f4xx_hal.o
 .debug_frame   0x00000be0      0x508 ./Drivers/STM32F4xx_HAL_Driver/Src/stm32f4xx_hal_cortex.o
 .debug_frame   0x000010e8      0x14c ./Drivers/STM32F4xx_HAL_Driver/Src/stm32f4xx_hal_gpio.o
 .debug_frame   0x00001234      0xc84 ./Drivers/STM32F4xx_HAL_Driver/Src/stm32f4xx_hal_i2c.o
 .debug_frame   0x00001eb8      0x1f4 ./Drivers/STM32F4xx_HAL_Driver/Src/stm32f4xx_hal_rcc.o
 .debug_frame   0x000020ac      0x1e8 ./Drivers/STM32F4xx_HAL_Driver/Src/stm32f4xx_hal_rcc_ex.o
 .debug_frame   0x00002294      0x144 D:/Programmes/STM32CubeIDE_2.0.0/STM32CubeIDE/plugins/com.st.stm32cube.ide.mcu.externaltools.gnu-tools-for-stm32.13.3.rel1.win32_1.0.100.202509120712/tools/bin/../lib/gcc/arm-none-eabi/13.3.1/../../../../arm-none-eabi/lib/thumb/v7e-m+fp/hard\libc_nano.a(libc_a-findfp.o)
 .debug_frame   0x000023d8       0x74 D:/Programmes/STM32CubeIDE_2.0.0/STM32CubeIDE/plugins/com.st.stm32cube.ide.mcu.externaltools.gnu-tools-for-stm32.13.3.rel1.win32_1.0.100.202509120712/tools/bin/../lib/gcc/arm-none-eabi/13.3.1/../../../../arm-none-eabi/lib/thumb/v7e-m+fp/hard\libc_nano.a(libc_a-sprintf.o)
 .debug_frame   0x0000244c       0x20 D:/Programmes/STM32CubeIDE_2.0.0/STM32CubeIDE/plugins/com.st.stm32cube.ide.mcu.externaltools.gnu-tools-for-stm32.13.3.rel1.win32_1.0.100.202509120712/tools/bin/../lib/gcc/arm-none-eabi/13.3.1/../../../../arm-none-eabi/lib/thumb/v7e-m+fp/hard\libc_nano.a(libc_a-memset.o)
 .debug_frame   0x0000246c       0x38 D:/Programmes/STM32CubeIDE_2.0.0/STM32CubeIDE/plugins/com.st.stm32cube.ide.mcu.externaltools.gnu-tools-for-stm32.13.3.rel1.win32_1.0.100.202509120712/tools/bin/../lib/gcc/arm-none-eabi/13.3.1/../../../../arm-none-eabi/lib/thumb/v7e-m+fp/hard\libc_nano.a(libc_a-reent.o)
 .debug_frame   0x000024a4       0x20 D:/Programmes/STM32CubeIDE_2.0.0/STM32CubeIDE/plugins/com.st.stm32cube.ide.mcu.externaltools.gnu-tools-for-stm32.13.3.rel1.win32_1.0.100.202509120712/tools/bin/../lib/gcc/arm-none-eabi/13.3.1/../../../../arm-none-eabi/lib/thumb/v7e-m+fp/hard\libc_nano.a(libc_a-errno.o)
 .debug_frame   0x000024c4       0x2c D:/Programmes/STM32CubeIDE_2.0.0/STM32CubeIDE/plugins/com.st.stm32cube.ide.mcu.externaltools.gnu-tools-for-stm32.13.3.rel1.win32_1.0.100.202509120712/tools/bin/../lib/gcc/arm-none-eabi/13.3.1/../../../../arm-none-eabi/lib/thumb/v7e-m+fp/hard\libc_nano.a(libc_a-init.o)
 .debug_frame   0x000024f0       0xb0 D:/Programmes/STM32CubeIDE_2.0.0/STM32CubeIDE/plugins/com.st.stm32cube.ide.mcu.externaltools.gnu-tools-for-stm32.13.3.rel1.win32_1.0.100.202509120712/tools/bin/../lib/gcc/arm-none-eabi/13.3.1/../../../../arm-none-eabi/lib/thumb/v7e-m+fp/hard\libc_nano.a(libc_a-lock.o)
 .debug_frame   0x000025a0       0x28 D:/Programmes/STM32CubeIDE_2.0.0/STM32CubeIDE/plugins/com.st.stm32cube.ide.mcu.externaltools.gnu-tools-for-stm32.13.3.rel1.win32_1.0.100.202509120712/tools/bin/../lib/gcc/arm-none-eabi/13.3.1/../../../../arm-none-eabi/lib/thumb/v7e-m+fp/hard\libc_nano.a(libc_a-memcpy-stub.o)
 .debug_frame   0x000025c8       0x38 D:/Programmes/STM32CubeIDE_2.0.0/STM32CubeIDE/plugins/com.st.stm32cube.ide.mcu.externaltools.gnu-tools-for-stm32.13.3.rel1.win32_1.0.100.202509120712/tools/bin/../lib/gcc/arm-none-eabi/13.3.1/../../../../arm-none-eabi/lib/thumb/v7e-m+fp/hard\libc_nano.a(libc_a-freer.o)
 .debug_frame   0x00002600       0x50 D:/Programmes/STM32CubeIDE_2.0.0/STM32CubeIDE/plugins/com.st.stm32cube.ide.mcu.externaltools.gnu-tools-for-stm32.13.3.rel1.win32_1.0.100.202509120712/tools/bin/../lib/gcc/arm-none-eabi/13.3.1/../../../../arm-none-eabi/lib/thumb/v7e-m+fp/hard\libc_nano.a(libc_a-mallocr.o)
 .debug_frame   0x00002650       0x30 D:/Programmes/STM32CubeIDE_2.0.0/STM32CubeIDE/plugins/com.st.stm32cube.ide.mcu.externaltools.gnu-tools-for-stm32.13.3.rel1.win32_1.0.100.202509120712/tools/bin/../lib/gcc/arm-none-eabi/13.3.1/../../../../arm-none-eabi/lib/thumb/v7e-m+fp/hard\libc_nano.a(libc_a-mlock.o)
 .debug_frame   0x00002680       0x90 D:/Programmes/STM32CubeIDE_2.0.0/STM32CubeIDE/plugins/com.st.stm32cube.ide.mcu.externaltools.gnu-tools-for-stm32.13.3.rel1.win32_1.0.100.202509120712/tools/bin/../lib/gcc/arm-none-eabi/13.3.1/../../../../arm-none-eabi/lib/thumb/v7e-m+fp/hard\libc_nano.a(libc_a-nano-svfprintf.o)
 .debug_frame   0x00002710       0x60 D:/Programmes/STM32CubeIDE_2.0.0/STM32CubeIDE/plugins/com.st.stm32cube.ide.mcu.externaltools.gnu-tools-for-stm32.13.3.rel1.win32_1.0.100.202509120712/tools/bin/../lib/gcc/arm-none-eabi/13.3.1/../../../../arm-none-eabi/lib/thumb/v7e-m+fp/hard\libc_nano.a(libc_a-nano-vfprintf_i.o)
 .debug_frame   0x00002770       0x28 D:/Programmes/STM32CubeIDE_2.0.0/STM32CubeIDE/plugins/com.st.stm32cube.ide.mcu.externaltools.gnu-tools-for-stm32.13.3.rel1.win32_1.0.100.202509120712/tools/bin/../lib/gcc/arm-none-eabi/13.3.1/../../../../arm-none-eabi/lib/thumb/v7e-m+fp/hard\libc_nano.a(libc_a-memmove.o)
 .debug_frame   0x00002798       0x2c D:/Programmes/STM32CubeIDE_2.0.0/STM32CubeIDE/plugins/com.st.stm32cube.ide.mcu.externaltools.gnu-tools-for-stm32.13.3.rel1.win32_1.0.100.202509120712/tools/bin/../lib/gcc/arm-none-eabi/13.3.1/../../../../arm-none-eabi/lib/thumb/v7e-m+fp/hard\libc_nano.a(libc_a-sbrkr.o)
 .debug_frame   0x000027c4       0x3c D:/Programmes/STM32CubeIDE_2.0.0/STM32CubeIDE/plugins/com.st.stm32cube.ide.mcu.externaltools.gnu-tools-for-stm32.13.3.rel1.win32_1.0.100.202509120712/tools/bin/../lib/gcc/arm-none-eabi/13.3.1/../../../../arm-none-eabi/lib/thumb/v7e-m+fp/hard\libc_nano.a(libc_a-reallocr.o)
 .debug_frame   0x00002800       0x20 D:/Programmes/STM32CubeIDE_2.0.0/STM32CubeIDE/plugins/com.st.stm32cube.ide.mcu.externaltools.gnu-tools-for-stm32.13.3.rel1.win32_1.0.100.202509120712/tools/bin/../lib/gcc/arm-none-eabi/13.3.1/../../../../arm-none-eabi/lib/thumb/v7e-m+fp/hard\libc_nano.a(libc_a-msizer.o)
 .debug_frame   0x00002820       0x2c D:/Programmes/STM32CubeIDE_2.0.0/STM32CubeIDE/plugins/com.st.stm32cube.ide.mcu.externaltools.gnu-tools-for-stm32.13.3.rel1.win32_1.0.100.202509120712/tools/bin/../lib/gcc/arm-none-eabi/13.3.1/thumb/v7e-m+fp/hard\libgcc.a(_aeabi_uldivmod.o)
 .debug_frame   0x0000284c       0x34 D:/Programmes/STM32CubeIDE_2.0.0/STM32CubeIDE/plugins/com.st.stm32cube.ide.mcu.externaltools.gnu-tools-for-stm32.13.3.rel1.win32_1.0.100.202509120712/tools/bin/../lib/gcc/arm-none-eabi/13.3.1/thumb/v7e-m+fp/hard\libgcc.a(_udivmoddi4.o)

.debug_line_str
                0x00000000       0x54
 .debug_line_str
                0x00000000       0x54 ./Core/Startup/startup_stm32f446retx.o
